Component: ARM Compiler 5.06 update 7 (build 960) Tool: armlink [4d3601]

==============================================================================

Section Cross References

    startup_stm32h743xx.o(STACK) refers (Special) to heapauxi.o(.text) for __use_two_region_memory
    startup_stm32h743xx.o(HEAP) refers (Special) to heapauxi.o(.text) for __use_two_region_memory
    startup_stm32h743xx.o(RESET) refers (Special) to heapauxi.o(.text) for __use_two_region_memory
    startup_stm32h743xx.o(RESET) refers to startup_stm32h743xx.o(STACK) for __initial_sp
    startup_stm32h743xx.o(RESET) refers to startup_stm32h743xx.o(.text) for Reset_Handler
    startup_stm32h743xx.o(RESET) refers to stm32h7xx_it.o(i.NMI_Handler) for NMI_Handler
    startup_stm32h743xx.o(RESET) refers to stm32h7xx_it.o(i.HardFault_Handler) for HardFault_Handler
    startup_stm32h743xx.o(RESET) refers to stm32h7xx_it.o(i.MemManage_Handler) for MemManage_Handler
    startup_stm32h743xx.o(RESET) refers to stm32h7xx_it.o(i.BusFault_Handler) for BusFault_Handler
    startup_stm32h743xx.o(RESET) refers to stm32h7xx_it.o(i.UsageFault_Handler) for UsageFault_Handler
    startup_stm32h743xx.o(RESET) refers to stm32h7xx_it.o(i.SVC_Handler) for SVC_Handler
    startup_stm32h743xx.o(RESET) refers to stm32h7xx_it.o(i.DebugMon_Handler) for DebugMon_Handler
    startup_stm32h743xx.o(RESET) refers to stm32h7xx_it.o(i.PendSV_Handler) for PendSV_Handler
    startup_stm32h743xx.o(RESET) refers to stm32h7xx_it.o(i.SysTick_Handler) for SysTick_Handler
    startup_stm32h743xx.o(.text) refers (Special) to heapauxi.o(.text) for __use_two_region_memory
    startup_stm32h743xx.o(.text) refers to system_stm32h7xx.o(i.SystemInit) for SystemInit
    startup_stm32h743xx.o(.text) refers to __main.o(!!!main) for __main
    startup_stm32h743xx.o(.text) refers to startup_stm32h743xx.o(HEAP) for Heap_Mem
    startup_stm32h743xx.o(.text) refers to startup_stm32h743xx.o(STACK) for Stack_Mem
    file_handling.o(i.check_file) refers to _printf_percent.o(.ARM.Collect$$_printf_percent$$00000000) for _printf_percent
    file_handling.o(i.check_file) refers to _printf_u.o(.ARM.Collect$$_printf_percent$$0000000A) for _printf_u
    file_handling.o(i.check_file) refers to _printf_s.o(.ARM.Collect$$_printf_percent$$00000014) for _printf_s
    file_handling.o(i.check_file) refers to _printf_dec.o(.text) for _printf_int_dec
    file_handling.o(i.check_file) refers to _printf_str.o(.text) for _printf_str
    file_handling.o(i.check_file) refers to _printf_pad.o(.text) for _printf_pre_padding
    file_handling.o(i.check_file) refers to _printf_c.o(.ARM.Collect$$_printf_percent$$00000013) for _printf_c
    file_handling.o(i.check_file) refers to _printf_d.o(.ARM.Collect$$_printf_percent$$00000009) for _printf_d
    file_handling.o(i.check_file) refers to ff.o(i.f_stat) for f_stat
    file_handling.o(i.check_file) refers to noretval__2sprintf.o(.text) for __2sprintf
    file_handling.o(i.check_file) refers to file_handling.o(i.send_uart) for send_uart
    file_handling.o(i.check_file) refers to file_handling.o(.bss) for .bss
    file_handling.o(i.check_file) refers to file_handling.o(.data) for .data
    file_handling.o(i.check_sd) refers to _printf_percent.o(.ARM.Collect$$_printf_percent$$00000000) for _printf_percent
    file_handling.o(i.check_sd) refers to _printf_u.o(.ARM.Collect$$_printf_percent$$0000000A) for _printf_u
    file_handling.o(i.check_sd) refers to _printf_dec.o(.text) for _printf_int_dec
    file_handling.o(i.check_sd) refers to ff.o(i.f_getfree) for f_getfree
    file_handling.o(i.check_sd) refers to noretval__2sprintf.o(.text) for __2sprintf
    file_handling.o(i.check_sd) refers to file_handling.o(i.send_uart) for send_uart
    file_handling.o(i.check_sd) refers to file_handling.o(.data) for .data
    file_handling.o(i.check_sd) refers to file_handling.o(.bss) for .bss
    file_handling.o(i.clear_buffer) refers to file_handling.o(.bss) for .bss
    file_handling.o(i.clear_path) refers to file_handling.o(.bss) for .bss
    file_handling.o(i.create_dir) refers to _printf_percent.o(.ARM.Collect$$_printf_percent$$00000000) for _printf_percent
    file_handling.o(i.create_dir) refers to _printf_s.o(.ARM.Collect$$_printf_percent$$00000014) for _printf_s
    file_handling.o(i.create_dir) refers to _printf_str.o(.text) for _printf_str
    file_handling.o(i.create_dir) refers to _printf_d.o(.ARM.Collect$$_printf_percent$$00000009) for _printf_d
    file_handling.o(i.create_dir) refers to _printf_dec.o(.text) for _printf_int_dec
    file_handling.o(i.create_dir) refers to ff.o(i.f_mkdir) for f_mkdir
    file_handling.o(i.create_dir) refers to noretval__2sprintf.o(.text) for __2sprintf
    file_handling.o(i.create_dir) refers to file_handling.o(i.send_uart) for send_uart
    file_handling.o(i.create_dir) refers to file_handling.o(.data) for .data
    file_handling.o(i.create_dir) refers to file_handling.o(.bss) for .bss
[...]
    i.dir_read                               0x0800582e   Section        0  ff.o(i.dir_read)
    dir_read                                 0x0800582f   Thumb Code   184  ff.o(i.dir_read)
    i.dir_register                           0x080058e8   Section        0  ff.o(i.dir_register)
    dir_register                             0x080058e9   Thumb Code   480  ff.o(i.dir_register)
    i.dir_remove                             0x08005acc   Section        0  ff.o(i.dir_remove)
    dir_remove                               0x08005acd   Thumb Code    78  ff.o(i.dir_remove)
    i.dir_sdi                                0x08005b1a   Section        0  ff.o(i.dir_sdi)
    dir_sdi                                  0x08005b1b   Thumb Code   142  ff.o(i.dir_sdi)
    i.disk_initialize                        0x08005ba8   Section        0  diskio.o(i.disk_initialize)
    i.disk_ioctl                             0x08005bd4   Section        0  diskio.o(i.disk_ioctl)
    i.disk_read                              0x08005bec   Section        0  diskio.o(i.disk_read)
    i.disk_status                            0x08005c08   Section        0  diskio.o(i.disk_status)
    i.disk_write                             0x08005c1c   Section        0  diskio.o(i.disk_write)
    i.f_close                                0x08005c38   Section        0  ff.o(i.f_close)
    i.f_getfree                              0x08005c60   Section        0  ff.o(i.f_getfree)
    i.f_gets                                 0x08005d34   Section        0  ff.o(i.f_gets)
    i.f_lseek                                0x08005d7c   Section        0  ff.o(i.f_lseek)
    i.f_mount                                0x08005fb8   Section        0  ff.o(i.f_mount)
    i.f_open                                 0x08006010   Section        0  ff.o(i.f_open)
    i.f_puts                                 0x08006234   Section        0  ff.o(i.f_puts)
    i.f_read                                 0x0800625a   Section        0  ff.o(i.f_read)
    i.f_sync                                 0x080063ce   Section        0  ff.o(i.f_sync)
    i.f_unlink                               0x0800645c   Section        0  ff.o(i.f_unlink)
    i.f_write                                0x08006502   Section        0  ff.o(i.f_write)
    i.ff_convert                             0x080066b0   Section        0  ccsbcs.o(i.ff_convert)
    i.ff_wtoupper                            0x080066ec   Section        0  ccsbcs.o(i.ff_wtoupper)
    i.find_volume                            0x0800676c   Section        0  ff.o(i.find_volume)
    find_volume                              0x0800676d   Thumb Code   640  ff.o(i.find_volume)
    i.follow_path                            0x080069f8   Section        0  ff.o(i.follow_path)
    follow_path                              0x080069f9   Thumb Code   122  ff.o(i.follow_path)
    i.gen_numname                            0x08006a74   Section        0  ff.o(i.gen_numname)
    gen_numname                              0x08006a75   Thumb Code   124  ff.o(i.gen_numname)
    i.get_fat                                0x08006af4   Section        0  ff.o(i.get_fat)
    get_fat                                  0x08006af5   Thumb Code   234  ff.o(i.get_fat)
    i.get_fattime                            0x08006bde   Section        0  fatfs.o(i.get_fattime)
    i.get_ldnumber                           0x08006be2   Section        0  ff.o(i.get_ldnumber)
    get_ldnumber                             0x08006be3   Thumb Code    60  ff.o(i.get_ldnumber)
    i.inc_lock                               0x08006c20   Section        0  ff.o(i.inc_lock)
    inc_lock                                 0x08006c21   Thumb Code   124  ff.o(i.inc_lock)
    i.ld_clust                               0x08006ca0   Section        0  ff.o(i.ld_clust)
    ld_clust                                 0x08006ca1   Thumb Code    38  ff.o(i.ld_clust)
    i.ld_dword                               0x08006cc6   Section        0  ff.o(i.ld_dword)
    ld_dword                                 0x08006cc7   Thumb Code    22  ff.o(i.ld_dword)
    i.ld_word                                0x08006cdc   Section        0  ff.o(i.ld_word)
    ld_word                                  0x08006cdd   Thumb Code    10  ff.o(i.ld_word)
    i.main                                   0x08006ce8   Section        0  main.o(i.main)
    i.mem_cpy                                0x08006d2c   Section        0  ff.o(i.mem_cpy)
    mem_cpy                                  0x08006d2d   Thumb Code    18  ff.o(i.mem_cpy)
    i.mem_set                                0x08006d40   Section        0  ff.o(i.mem_set)
    mem_set                                  0x08006d41   Thumb Code    14  ff.o(i.mem_set)
    i.move_window                            0x08006d4e   Section        0  ff.o(i.move_window)
    move_window                              0x08006d4f   Thumb Code    50  ff.o(i.move_window)
    i.pick_lfn                               0x08006d80   Section        0  ff.o(i.pick_lfn)
    pick_lfn                                 0x08006d81   Thumb Code   110  ff.o(i.pick_lfn)
    i.put_fat                                0x08006df4   Section        0  ff.o(i.put_fat)
    put_fat                                  0x08006df5   Thumb Code   300  ff.o(i.put_fat)
    i.putc_bfd                               0x08006f20   Section        0  ff.o(i.putc_bfd)
    putc_bfd                                 0x08006f21   Thumb Code    70  ff.o(i.putc_bfd)
    i.putc_flush                             0x08006f66   Section        0  ff.o(i.putc_flush)
    putc_flush                               0x08006f67   Thumb Code    42  ff.o(i.putc_flush)
    i.remove_chain                           0x08006f90   Section        0  ff.o(i.remove_chain)
    remove_chain                             0x08006f91   Thumb Code   116  ff.o(i.remove_chain)
    i.st_clust                               0x08007004   Section        0  ff.o(i.st_clust)
    st_clust                                 0x08007005   Thumb Code    40  ff.o(i.st_clust)
    i.st_dword                               0x0800702c   Section        0  ff.o(i.st_dword)
    st_dword                                 0x0800702d   Thumb Code    16  ff.o(i.st_dword)
    i.st_word                                0x0800703c   Section        0  ff.o(i.st_word)
    st_word                                  0x0800703d   Thumb Code     8  ff.o(i.st_word)
    i.sum_sfn                                0x08007044   Section        0  ff.o(i.sum_sfn)
    sum_sfn                                  0x08007045   Thumb Code    28  ff.o(i.sum_sfn)
    i.sync_fs                                0x08007060   Section        0  ff.o(i.sync_fs)
    sync_fs                                  0x08007061   Thumb Code   126  ff.o(i.sync_fs)
    i.sync_window                            0x080070e8   Section        0  ff.o(i.sync_window)
    sync_window                              0x080070e9   Thumb Code    82  ff.o(i.sync_window)
    i.validate                               0x0800713a   Section        0  ff.o(i.validate)
    validate                                 0x0800713b   Thumb Code    52  ff.o(i.validate)
    x$fpl$fpinit                             0x0800716e   Section       10  fpinit.o(x$fpl$fpinit)
    $v0                                      0x0800716e   Number         0  fpinit.o(x$fpl$fpinit)
    .constdata                               0x08007178   Section       24  stm32h7xx_hal_uart.o(.constdata)
    .constdata                               0x08007190   Section       16  stm32h7xx_hal_uart_ex.o(.constdata)
    numerator                                0x08007190   Data           8  stm32h7xx_hal_uart_ex.o(.constdata)
    denominator                              0x08007198   Data           8  stm32h7xx_hal_uart_ex.o(.constdata)
    .constdata                               0x080071a0   Section       16  system_stm32h7xx.o(.constdata)
    .constdata                               0x080071b0   Section       20  sd_diskio.o(.constdata)
    .constdata                               0x080071c4   Section      170  ff.o(.constdata)
    ExCvt                                    0x080071c4   Data         128  ff.o(.constdata)
    LfnOfs                                   0x08007244   Data          13  ff.o(.constdata)
    cst                                      0x08007252   Data          14  ff.o(.constdata)
    cst32                                    0x08007260   Data          14  ff.o(.constdata)
    .constdata                               0x0800726e   Section      942  ccsbcs.o(.constdata)
    Tbl                                      0x0800726e   Data         256  ccsbcs.o(.constdata)
    cvt1                                     0x0800736e   Data         498  ccsbcs.o(.constdata)
    cvt2                                     0x08007560   Data         188  ccsbcs.o(.constdata)
    .constdata                               0x0800761c   Section       17  __printf_flags_ss_wp.o(.constdata)
    maptable                                 0x0800761c   Data          17  __printf_flags_ss_wp.o(.constdata)
    .conststring                             0x08007630   Section       66  main.o(.conststring)
    .data                                    0x24000000   Section       28  main.o(.data)
    .data                                    0x2400001c   Section       12  stm32h7xx_hal.o(.data)
    .data                                    0x24000028   Section        8  system_stm32h7xx.o(.data)
    .data                                    0x24000030   Section        1  sd_diskio.o(.data)
    Stat                                     0x24000030   Data           1  sd_diskio.o(.data)
    .data                                    0x24000031   Section        5  fatfs.o(.data)
    .data                                    0x24000038   Section        8  ff.o(.data)
    Fsid                                     0x24000038   Data           2  ff.o(.data)
    FatFs                                    0x2400003c   Data           4  ff.o(.data)
    .bss                                     0x24000040   Section     4918  main.o(.bss)
    .bss                                     0x24001378   Section     4152  fatfs.o(.bss)
    .bss                                     0x240023b0   Section       32  ff.o(.bss)
    Files                                    0x240023b0   Data          32  ff.o(.bss)
    .bss                                     0x240023d0   Section       12  ff_gen_drv.o(.bss)
    .bss                                     0x240023dc   Section       96  libspace.o(.bss)
    HEAP                                     0x24002440   Section      512  startup_stm32h743xx.o(HEAP)
    Heap_Mem                                 0x24002440   Data         512  startup_stm32h743xx.o(HEAP)
    STACK                                    0x24002640   Section     1024  startup_stm32h743xx.o(STACK)
    Stack_Mem                                0x24002640   Data        1024  startup_stm32h743xx.o(STACK)
    __initial_sp                             0x24002a40   Data           0  startup_stm32h743xx.o(STACK)

    Global Symbols

    Symbol Name                              Value     Ov Type        Size  Object(Section)

    BuildAttributes$$THM_ISAv4$E$P$D$K$B$S$7EM$VFPv5_D16$PE$PLD8$A:L22UL41UL21$X:L11$S22US41US21$IEEE1$IW$USESV6$~STKCKD$USESV7$~SHL$OSPACE$ROPI$EBA8$UX$STANDARDLIB$REQ8$PRES8$EABIv2 0x00000000   Number         0  anon$$obj.o ABSOLUTE
    __ARM_use_no_argv                        0x00000000   Number         0  main.o ABSOLUTE
    _printf_flags                            0x00000000   Number         0  printf_stubs.o ABSOLUTE
    _printf_return_value                     0x00000000   Number         0  printf_stubs.o ABSOLUTE
    _printf_sizespec                         0x00000000   Number         0  printf_stubs.o ABSOLUTE
    _printf_widthprec                        0x00000000   Number         0  printf_stubs.o ABSOLUTE
    __ARM_exceptions_init                     - Undefined Weak Reference
    __alloca_initialize                       - Undefined Weak Reference
    __arm_fini_                               - Undefined Weak Reference
    __arm_preinit_                            - Undefined Weak Reference
    __cpp_initialize__aeabi_                  - Undefined Weak Reference
    __cxa_finalize                            - Undefined Weak Reference
    __rt_locale                               - Undefined Weak Reference
    __sigvec_lookup                           - Undefined Weak Reference
    _atexit_init                              - Undefined Weak Reference
    _call_atexit_fns                          - Undefined Weak Reference
    _clock_init                               - Undefined Weak Reference
    _fp_trap_init                             - Undefined Weak Reference
    _fp_trap_shutdown                         - Undefined Weak Reference
    _get_lc_collate                           - Undefined Weak Reference
    _get_lc_ctype                             - Undefined Weak Reference
    _get_lc_monetary                          - Undefined Weak Reference
    _get_lc_numeric                           - Undefined Weak Reference
    _get_lc_time                              - Undefined Weak Reference
    _getenv_init                              - Undefined Weak Reference
    _handle_redirection                       - Undefined Weak Reference
    _init_alloc                               - Undefined Weak Reference
    _init_user_alloc                          - Undefined Weak Reference
    _initio                                   - Undefined Weak Reference
    _printf_mbtowc                            - Undefined Weak Reference
    _printf_truncate_signed                   - Undefined Weak Reference
    _printf_truncate_unsigned                 - Undefined Weak Reference
    _rand_init                                - Undefined Weak Reference
    _signal_finish                            - Undefined Weak Reference
    _signal_init                              - Undefined Weak Reference
    _terminate_alloc                          - Undefined Weak Reference
    _terminate_user_alloc                     - Undefined Weak Reference
    _terminateio                              - Undefined Weak Reference
    __Vectors_Size                           0x00000298   Number         0  startup_stm32h743xx.o ABSOLUTE
    __Vectors                                0x08000000   Data           4  startup_stm32h743xx.o(RESET)
    __Vectors_End                            0x08000298   Data           0  startup_stm32h743xx.o(RESET)
    __main                                   0x08000299   Thumb Code     8  __main.o(!!!main)
    __scatterload                            0x080002a1   Thumb Code     0  __scatter.o(!!!scatter)
    __scatterload_rt2                        0x080002a1   Thumb Code    44  __scatter.o(!!!scatter)
    __scatterload_rt2_thumb_only             0x080002a1   Thumb Code     0  __scatter.o(!!!scatter)
    __scatterload_null                       0x080002af   Thumb Code     0  __scatter.o(!!!scatter)
    __scatterload_copy                       0x080002d5   Thumb Code    26  __scatter_copy.o(!!handler_copy)
    __scatterload_zeroinit                   0x080002f1   Thumb Code    28  __scatter_zi.o(!!handler_zi)
    _printf_i                                0x0800030d   Thumb Code     0  _printf_i.o(.ARM.Collect$$_printf_percent$$00000008)
    _printf_percent                          0x0800030d   Thumb Code     0  _printf_percent.o(.ARM.Collect$$_printf_percent$$00000000)
    _printf_u                                0x08000313   Thumb Code     0  _printf_u.o(.ARM.Collect$$_printf_percent$$0000000A)
    _printf_s                                0x08000319   Thumb Code     0  _printf_s.o(.ARM.Collect$$_printf_percent$$00000014)
    _printf_percent_end                      0x0800031f   Thumb Code     0  _printf_percent_end.o(.ARM.Collect$$_printf_percent$$00000017)
    __rt_lib_init                            0x08000323   Thumb Code     0  libinit.o(.ARM.Collect$$libinit$$00000000)
    __rt_lib_init_fp_1                       0x08000325   Thumb Code     0  libinit2.o(.ARM.Collect$$libinit$$00000001)
    __rt_lib_init_alloca_1                   0x08000329   Thumb Code     0  libinit2.o(.ARM.Collect$$libinit$$0000002E)
    __rt_lib_init_argv_1                     0x08000329   Thumb Code     0  libinit2.o(.ARM.Collect$$libinit$$0000002C)
    __rt_lib_init_atexit_1                   0x08000329   Thumb Code     0  libinit2.o(.ARM.Collect$$libinit$$0000001B)
    __rt_lib_init_clock_1                    0x08000329   Thumb Code     0  libinit2.o(.ARM.Collect$$libinit$$00000021)
    __rt_lib_init_cpp_1                      0x08000329   Thumb Code     0  libinit2.o(.ARM.Collect$$libinit$$00000032)
    __rt_lib_init_exceptions_1               0x08000329   Thumb Code     0  libinit2.o(.ARM.Collect$$libinit$$00000030)
    __rt_lib_init_fp_trap_1                  0x08000329   Thumb Code     0  libinit2.o(.ARM.Collect$$libinit$$0000001F)
    __rt_lib_init_getenv_1                   0x08000329   Thumb Code     0  libinit2.o(.ARM.Collect$$libinit$$00000023)
    __rt_lib_init_heap_1                     0x08000329   Thumb Code     0  libinit2.o(.ARM.Collect$$libinit$$0000000A)
    __rt_lib_init_lc_collate_1               0x08000329   Thumb Code     0  libinit2.o(.ARM.Collect$$libinit$$00000011)
    __rt_lib_init_lc_ctype_1                 0x08000329   Thumb Code     0  libinit2.o(.ARM.Collect$$libinit$$00000013)
    __rt_lib_init_lc_monetary_1              0x08000329   Thumb Code     0  libinit2.o(.ARM.Collect$$libinit$$00000015)
    __rt_lib_init_lc_numeric_1               0x08000329   Thumb Code     0  libinit2.o(.ARM.Collect$$libinit$$00000017)
    __rt_lib_init_lc_time_1                  0x08000329   Thumb Code     0  libinit2.o(.ARM.Collect$$libinit$$00000019)
    __rt_lib_init_preinit_1                  0x08000329   Thumb Code     0  libinit2.o(.ARM.Collect$$libinit$$00000004)
    __rt_lib_init_rand_1                     0x08000329   Thumb Code     0  libinit2.o(.ARM.Collect$$libinit$$0000000E)
    __rt_lib_init_return                     0x08000329   Thumb Code     0  libinit2.o(.ARM.Collect$$libinit$$00000033)
    __rt_lib_init_signal_1                   0x08000329   Thumb Code     0  libinit2.o(.ARM.Collect$$libinit$$0000001D)
    __rt_lib_init_stdio_1                    0x08000329   Thumb Code     0  libinit2.o(.ARM.Collect$$libinit$$00000025)
    __rt_lib_init_user_alloc_1               0x08000329   Thumb Code     0  libinit2.o(.ARM.Collect$$libinit$$0000000C)
    __rt_lib_shutdown                        0x0800032b   Thumb Code     0  libshutdown.o(.ARM.Collect$$libshutdown$$00000000)
    __rt_lib_shutdown_cpp_1                  0x0800032d   Thumb Code     0  libshutdown2.o(.ARM.Collect$$libshutdown$$00000004)
    __rt_lib_shutdown_fini_1                 0x0800032d   Thumb Code     0  libshutdown2.o(.ARM.Collect$$libshutdown$$00000002)
    __rt_lib_shutdown_fp_trap_1              0x0800032d   Thumb Code     0  libshutdown2.o(.ARM.Collect$$libshutdown$$00000009)
    __rt_lib_shutdown_heap_1                 0x0800032d   Thumb Code     0  libshutdown2.o(.ARM.Collect$$libshutdown$$00000011)
    __rt_lib_shutdown_return                 0x0800032d   Thumb Code     0  libshutdown2.o(.ARM.Collect$$libshutdown$$00000012)
    __rt_lib_shutdown_signal_1               0x0800032d   Thumb Code     0  libshutdown2.o(.ARM.Collect$$libshutdown$$0000000C)
    __rt_lib_shutdown_stdio_1                0x0800032d   Thumb Code     0  libshutdown2.o(.ARM.Collect$$libshutdown$$00000006)
    __rt_lib_shutdown_user_alloc_1           0x0800032d   Thumb Code     0  libshutdown2.o(.ARM.Collect$$libshutdown$$0000000E)
    __rt_entry                               0x0800032f   Thumb Code     0  __rtentry.o(.ARM.Collect$$rtentry$$00000000)
    __rt_entry_presh_1                       0x0800032f   Thumb Code     0  __rtentry2.o(.ARM.Collect$$rtentry$$00000002)
    __rt_entry_sh                            0x0800032f   Thumb Code     0  __rtentry4.o(.ARM.Collect$$rtentry$$00000004)
    __rt_entry_li                            0x08000335   Thumb Code     0  __rtentry2.o(.ARM.Collect$$rtentry$$0000000A)
    __rt_entry_postsh_1                      0x08000335   Thumb Code     0  __rtentry2.o(.ARM.Collect$$rtentry$$00000009)
    __rt_entry_main                          0x08000339   Thumb Code     0  __rtentry2.o(.ARM.Collect$$rtentry$$0000000D)
    __rt_entry_postli_1                      0x08000339   Thumb Code     0  __rtentry2.o(.ARM.Collect$$rtentry$$0000000C)
    __rt_exit                                0x08000341   Thumb Code     0  rtexit.o(.ARM.Collect$$rtexit$$00000000)
    __rt_exit_ls                             0x08000343   Thumb Code     0  rtexit2.o(.ARM.Collect$$rtexit$$00000003)
    __rt_exit_prels_1                        0x08000343   Thumb Code     0  rtexit2.o(.ARM.Collect$$rtexit$$00000002)
    __rt_exit_exit                           0x08000347   Thumb Code     0  rtexit2.o(.ARM.Collect$$rtexit$$00000004)
    Reset_Handler                            0x0800034d   Thumb Code     8  startup_stm32h743xx.o(.text)
    ADC3_IRQHandler                          0x08000367   Thumb Code     0  startup_stm32h743xx.o(.text)
    ADC_IRQHandler                           0x08000367   Thumb Code     0  startup_stm32h743xx.o(.text)
    BDMA_Channel0_IRQHandler                 0x08000367   Thumb Code     0  startup_stm32h743xx.o(.text)
    BDMA_Channel1_IRQHandler                 0x08000367   Thumb Code     0  startup_stm32h743xx.o(.text)
    BDMA_Channel2_IRQHandler                 0x08000367   Thumb Code     0  startup_stm32h743xx.o(.text)
    BDMA_Channel3_IRQHandler                 0x08000367   Thumb Code     0  startup_stm32h743xx.o(.text)
    BDMA_Channel4_IRQHandler                 0x08000367   Thumb Code     0  startup_stm32h743xx.o(.text)
    BDMA_Channel5_IRQHandler                 0x08000367   Thumb Code     0  startup_stm32h743xx.o(.text)
    BDMA_Channel6_IRQHandler                 0x08000367   Thumb Code     0  startup_stm32h743xx.o(.text)
    BDMA_Channel7_IRQHandler                 0x08000367   Thumb Code     0  startup_stm32h743xx.o(.text)
    CEC_IRQHandler                           0x08000367   Thumb Code     0  startup_stm32h743xx.o(.text)
    COMP1_IRQHandler                         0x08000367   Thumb Code     0  startup_stm32h743xx.o(.text)
    CRS_IRQHandler                           0x08000367   Thumb Code     0  startup_stm32h743xx.o(.text)
    DCMI_IRQHandler                          0x08000367   Thumb Code     0  startup_stm32h743xx.o(.text)
    DFSDM1_FLT0_IRQHandler                   0x08000367   Thumb Code     0  startup_stm32h743xx.o(.text)
    DFSDM1_FLT1_IRQHandler                   0x08000367   Thumb Code     0  startup_stm32h743xx.o(.text)
    DFSDM1_FLT2_IRQHandler                   0x08000367   Thumb Code     0  startup_stm32h743xx.o(.text)
    DFSDM1_FLT3_IRQHandler                   0x08000367   Thumb Code     0  startup_stm32h743xx.o(.text)
    DMA1_Stream0_IRQHandler                  0x08000367   Thumb Code     0  startup_stm32h743xx.o(.text)
    DMA1_Stream1_IRQHandler                  0x08000367   Thumb Code     0  startup_stm32h743xx.o(.text)
    DMA1_Stream2_IRQHandler                  0x08000367   Thumb Code     0  startup_stm32h743xx.o(.text)
    DMA1_Stream3_IRQHandler                  0x08000367   Thumb Code     0  startup_stm32h743xx.o(.text)
    DMA1_Stream4_IRQHandler                  0x08000367   Thumb Code     0  startup_stm32h743xx.o(.text)
    DMA1_Stream5_IRQHandler                  0x08000367   Thumb Code     0  startup_stm32h743xx.o(.text)
    DMA1_Stream6_IRQHandler                  0x08000367   Thumb Code     0  startup_stm32h743xx.o(.text)
    DMA1_Stream7_IRQHandler                  0x08000367   Thumb Code     0  startup_stm32h743xx.o(.text)
    DMA2D_IRQHandler                         0x08000367   Thumb Code     0  startup_stm32h743xx.o(.text)
    DMA2_Stream0_IRQHandler                  0x08000367   Thumb Code     0  startup_stm32h743xx.o(.text)
    DMA2_Stream1_IRQHandler                  0x08000367   Thumb Code     0  startup_stm32h743xx.o(.text)
    DMA2_Stream2_IRQHandler                  0x08000367   Thumb Code     0  startup_stm32h743xx.o(.text)
    DMA2_Stream3_IRQHandler                  0x08000367   Thumb Code     0  startup_stm32h743xx.o(.text)
    DMA2_Stream4_IRQHandler                  0x08000367   Thumb Code     0  startup_stm32h743xx.o(.text)
    DMA2_Stream5_IRQHandler                  0x08000367   Thumb Code     0  startup_stm32h743xx.o(.text)
    DMA2_Stream6_IRQHandler                  0x08000367   Thumb Code     0  startup_stm32h743xx.o(.text)
    DMA2_Stream7_IRQHandler                  0x08000367   Thumb Code     0  startup_stm32h743xx.o(.text)
    DMAMUX1_OVR_IRQHandler                   0x08000367   Thumb Code     0  startup_stm32h743xx.o(.text)
    DMAMUX2_OVR_IRQHandler                   0x08000367   Thumb Code     0  startup_stm32h743xx.o(.text)
    ECC_IRQHandler                           0x08000367   Thumb Code     0  startup_stm32h743xx.o(.text)
    ETH_IRQHandler                           0x08000367   Thumb Code     0  startup_stm32h743xx.o(.text)
    ETH_WKUP_IRQHandler                      0x08000367   Thumb Code     0  startup_stm32h743xx.o(.text)
    EXTI0_IRQHandler                         0x08000367   Thumb Code     0  startup_stm32h743xx.o(.text)
    EXTI15_10_IRQHandler                     0x08000367   Thumb Code     0  startup_stm32h743xx.o(.text)
    EXTI1_IRQHandler                         0x08000367   Thumb Code     0  startup_stm32h743xx.o(.text)
    EXTI2_IRQHandler                         0x08000367   Thumb Code     0  startup_stm32h743xx.o(.text)
    EXTI3_IRQHandler                         0x08000367   Thumb Code     0  startup_stm32h743xx.o(.text)
    EXTI4_IRQHandler                         0x08000367   Thumb Code     0  startup_stm32h743xx.o(.text)
    EXTI9_5_IRQHandler                       0x08000367   Thumb Code     0  startup_stm32h743xx.o(.text)
    FDCAN1_IT0_IRQHandler                    0x08000367   Thumb Code     0  startup_stm32h743xx.o(.text)
    FDCAN1_IT1_IRQHandler                    0x08000367   Thumb Code     0  startup_stm32h743xx.o(.text)
    FDCAN2_IT0_IRQHandler                    0x08000367   Thumb Code     0  startup_stm32h743xx.o(.text)
    FDCAN2_IT1_IRQHandler                    0x08000367   Thumb Code     0  startup_stm32h743xx.o(.text)
    FDCAN_CAL_IRQHandler                     0x08000367   Thumb Code     0  startup_stm32h743xx.o(.text)
    FLASH_IRQHandler                         0x08000367   Thumb Code     0  startup_stm32h743xx.o(.text)
    FMC_IRQHandler                           0x08000367   Thumb Code     0  startup_stm32h743xx.o(.text)
    FPU_IRQHandler                           0x08000367   Thumb Code     0  startup_stm32h743xx.o(.text)
    HRTIM1_FLT_IRQHandler                    0x08000367   Thumb Code     0  startup_stm32h743xx.o(.text)
    HRTIM1_Master_IRQHandler                 0x08000367   Thumb Code     0  startup_stm32h743xx.o(.text)
    HRTIM1_TIMA_IRQHandler                   0x08000367   Thumb Code     0  startup_stm32h743xx.o(.text)
    HRTIM1_TIMB_IRQHandler                   0x08000367   Thumb Code     0  startup_stm32h743xx.o(.text)
    HRTIM1_TIMC_IRQHandler                   0x08000367   Thumb Code     0  startup_stm32h743xx.o(.text)
    HRTIM1_TIMD_IRQHandler                   0x08000367   Thumb Code     0  startup_stm32h743xx.o(.text)
    HRTIM1_TIME_IRQHandler                   0x08000367   Thumb Code     0  startup_stm32h743xx.o(.text)
    HSEM1_IRQHandler                         0x08000367   Thumb Code     0  startup_stm32h743xx.o(.text)
    I2C1_ER_IRQHandler                       0x08000367   Thumb Code     0  startup_stm32h743xx.o(.text)
    I2C1_EV_IRQHandler                       0x08000367   Thumb Code     0  startup_stm32h743xx.o(.text)
    I2C2_ER_IRQHandler                       0x08000367   Thumb Code     0  startup_stm32h743xx.o(.text)
    I2C2_EV_IRQHandler                       0x08000367   Thumb Code     0  startup_stm32h743xx.o(.text)
    I2C3_ER_IRQHandler                       0x08000367   Thumb Code     0  startup_stm32h743xx.o(.text)
    I2C3_EV_IRQHandler                       0x08000367   Thumb Code     0  startup_stm32h743xx.o(.text)
    I2C4_ER_IRQHandler                       0x08000367   Thumb Code     0  startup_stm32h743xx.o(.text)
    I2C4_EV_IRQHandler                       0x08000367   Thumb Code     0  startup_stm32h743xx.o(.text)
    JPEG_IRQHandler                          0x08000367   Thumb Code     0  startup_stm32h743xx.o(.text)
    LPTIM1_IRQHandler                        0x08000367   Thumb Code     0  startup_stm32h743xx.o(.text)
    LPTIM2_IRQHandler                        0x08000367   Thumb Code     0  startup_stm32h743xx.o(.text)
    LPTIM3_IRQHandler                        0x08000367   Thumb Code     0  startup_stm32h743xx.o(.text)
    LPTIM4_IRQHandler                        0x08000367   Thumb Code     0  startup_stm32h743xx.o(.text)
    LPTIM5_IRQHandler                        0x08000367   Thumb Code     0  startup_stm32h743xx.o(.text)
    LPUART1_IRQHandler                       0x08000367   Thumb Code     0  startup_stm32h743xx.o(.text)
    LTDC_ER_IRQHandler                       0x08000367   Thumb Code     0  startup_stm32h743xx.o(.text)
    LTDC_IRQHandler                          0x08000367   Thumb Code     0  startup_stm32h743xx.o(.text)
    MDIOS_IRQHandler                         0x08000367   Thumb Code     0  startup_stm32h743xx.o(.text)
    MDIOS_WKUP_IRQHandler                    0x08000367   Thumb Code     0  startup_stm32h743xx.o(.text)
    MDMA_IRQHandler                          0x08000367   Thumb Code     0  startup_stm32h743xx.o(.text)
    OTG_FS_EP1_IN_IRQHandler                 0x08000367   Thumb Code     0  startup_stm32h743xx.o(.text)
    OTG_FS_EP1_OUT_IRQHandler                0x08000367   Thumb Code     0  startup_stm32h743xx.o(.text)
    OTG_FS_IRQHandler                        0x08000367   Thumb Code     0  startup_stm32h743xx.o(.text)
    OTG_FS_WKUP_IRQHandler                   0x08000367   Thumb Code     0  startup_stm32h743xx.o(.text)
    OTG_HS_EP1_IN_IRQHandler                 0x08000367   Thumb Code     0  startup_stm32h743xx.o(.text)
    OTG_HS_EP1_OUT_IRQHandler                0x08000367   Thumb Code     0  startup_stm32h743xx.o(.text)
    OTG_HS_IRQHandler                        0x08000367   Thumb Code     0  startup_stm32h743xx.o(.text)
    OTG_HS_WKUP_IRQHandler                   0x08000367   Thumb Code     0  startup_stm32h743xx.o(.text)
    PVD_AVD_IRQHandler                       0x08000367   Thumb Code     0  startup_stm32h743xx.o(.text)
    QUADSPI_IRQHandler                       0x08000367   Thumb Code     0  startup_stm32h743xx.o(.text)
    RCC_IRQHandler                           0x08000367   Thumb Code     0  startup_stm32h743xx.o(.text)
    RNG_IRQHandler                           0x08000367   Thumb Code     0  startup_stm32h743xx.o(.text)
    RTC_Alarm_IRQHandler                     0x08000367   Thumb Code     0  startup_stm32h743xx.o(.text)
    RTC_WKUP_IRQHandler                      0x08000367   Thumb Code     0  startup_stm32h743xx.o(.text)
    SAI1_IRQHandler                          0x08000367   Thumb Code     0  startup_stm32h743xx.o(.text)
    SAI2_IRQHandler                          0x08000367   Thumb Code     0  startup_stm32h743xx.o(.text)
    SAI3_IRQHandler                          0x08000367   Thumb Code     0  startup_stm32h743xx.o(.text)
    SAI4_IRQHandler                          0x08000367   Thumb Code     0  startup_stm32h743xx.o(.text)
    SDMMC1_IRQHandler                        0x08000367   Thumb Code     0  startup_stm32h743xx.o(.text)
    SDMMC2_IRQHandler                        0x08000367   Thumb Code     0  startup_stm32h743xx.o(.text)
    SPDIF_RX_IRQHandler                      0x08000367   Thumb Code     0  startup_stm32h743xx.o(.text)
    SPI1_IRQHandler                          0x08000367   Thumb Code     0  startup_stm32h743xx.o(.text)
    SPI2_IRQHandler                          0x08000367   Thumb Code     0  startup_stm32h743xx.o(.text)
    SPI3_IRQHandler                          0x08000367   Thumb Code     0  startup_stm32h743xx.o(.text)
    SPI4_IRQHandler                          0x08000367   Thumb Code     0  startup_stm32h743xx.o(.text)
    SPI5_IRQHandler                          0x08000367   Thumb Code     0  startup_stm32h743xx.o(.text)
    SPI6_IRQHandler                          0x08000367   Thumb Code     0  startup_stm32h743xx.o(.text)
    SWPMI1_IRQHandler                        0x08000367   Thumb Code     0  startup_stm32h743xx.o(.text)
    TAMP_STAMP_IRQHandler                    0x08000367   Thumb Code     0  startup_stm32h743xx.o(.text)
    TIM15_IRQHandler                         0x08000367   Thumb Code     0  startup_stm32h743xx.o(.text)
    TIM16_IRQHandler                         0x08000367   Thumb Code     0  startup_stm32h743xx.o(.text)
    TIM17_IRQHandler                         0x08000367   Thumb Code     0  startup_stm32h743xx.o(.text)
    TIM1_BRK_IRQHandler                      0x08000367   Thumb Code     0  startup_stm32h743xx.o(.text)
    TIM1_CC_IRQHandler                       0x08000367   Thumb Code     0  startup_stm32h743xx.o(.text)
    TIM1_TRG_COM_IRQHandler                  0x08000367   Thumb Code     0  startup_stm32h743xx.o(.text)
    TIM1_UP_IRQHandler                       0x08000367   Thumb Code     0  startup_stm32h743xx.o(.text)
    TIM2_IRQHandler                          0x08000367   Thumb Code     0  startup_stm32h743xx.o(.text)
    TIM3_IRQHandler                          0x08000367   Thumb Code     0  startup_stm32h743xx.o(.text)
    TIM4_IRQHandler                          0x08000367   Thumb Code     0  startup_stm32h743xx.o(.text)
    TIM5_IRQHandler                          0x08000367   Thumb Code     0  startup_stm32h743xx.o(.text)
    TIM6_DAC_IRQHandler                      0x08000367   Thumb Code     0  startup_stm32h743xx.o(.text)
    TIM7_IRQHandler                          0x08000367   Thumb Code     0  startup_stm32h743xx.o(.text)
    TIM8_BRK_TIM12_IRQHandler                0x08000367   Thumb Code     0  startup_stm32h743xx.o(.text)
    TIM8_CC_IRQHandler                       0x08000367   Thumb Code     0  startup_stm32h743xx.o(.text)
    TIM8_TRG_COM_TIM14_IRQHandler            0x08000367   Thumb Code     0  startup_stm32h743xx.o(.text)
    TIM8_UP_TIM13_IRQHandler                 0x08000367   Thumb Code     0  startup_stm32h743xx.o(.text)
    UART4_IRQHandler                         0x08000367   Thumb Code     0  startup_stm32h743xx.o(.text)
    UART5_IRQHandler                         0x08000367   Thumb Code     0  startup_stm32h743xx.o(.text)
    UART7_IRQHandler                         0x08000367   Thumb Code     0  startup_stm32h743xx.o(.text)
    UART8_IRQHandler                         0x08000367   Thumb Code     0  startup_stm32h743xx.o(.text)
    USART1_IRQHandler                        0x08000367   Thumb Code     0  startup_stm32h743xx.o(.text)
    USART2_IRQHandler                        0x08000367   Thumb Code     0  startup_stm32h743xx.o(.text)
    USART3_IRQHandler                        0x08000367   Thumb Code     0  startup_stm32h743xx.o(.text)
    USART6_IRQHandler                        0x08000367   Thumb Code     0  startup_stm32h743xx.o(.text)
    WAKEUP_PIN_IRQHandler                    0x08000367   Thumb Code     0  startup_stm32h743xx.o(.text)
    WWDG_IRQHandler                          0x08000367   Thumb Code     0  startup_stm32h743xx.o(.text)
    __user_initial_stackheap                 0x08000369   Thumb Code     0  startup_stm32h743xx.o(.text)
    __aeabi_uldivmod                         0x0800038d   Thumb Code     0  lludivv7m.o(.text)
    _ll_udiv                                 0x0800038d   Thumb Code   238  lludivv7m.o(.text)
    __2sprintf                               0x0800047d   Thumb Code    34  noretval__2sprintf.o(.text)
    _printf_str                              0x080004a5   Thumb Code    82  _printf_str.o(.text)
    _printf_int_dec                          0x080004f9   Thumb Code   104  _printf_dec.o(.text)
    __printf                                 0x08000571   Thumb Code   388  __printf_flags_ss_wp.o(.text)
    strcpy                                   0x080006f9   Thumb Code    72  strcpy.o(.text)
    strlen                                   0x08000741   Thumb Code    62  strlen.o(.text)
    __aeabi_memclr4                          0x0800077f   Thumb Code     0  rt_memclr_w.o(.text)
    __aeabi_memclr8                          0x0800077f   Thumb Code     0  rt_memclr_w.o(.text)
    __rt_memclr_w                            0x0800077f   Thumb Code    78  rt_memclr_w.o(.text)
    _memset_w                                0x08000783   Thumb Code     0  rt_memclr_w.o(.text)
    __use_two_region_memory                  0x080007cd   Thumb Code     2  heapauxi.o(.text)
    __rt_heap_escrow$2region                 0x080007cf   Thumb Code     2  heapauxi.o(.text)
    __rt_heap_expand$2region                 0x080007d1   Thumb Code     2  heapauxi.o(.text)
    _printf_int_common                       0x080007d3   Thumb Code   178  _printf_intcommon.o(.text)
    _printf_char_common                      0x0800088f   Thumb Code    32  _printf_char_common.o(.text)
    _sputc                                   0x080008b5   Thumb Code    10  _sputc.o(.text)
    _printf_cs_common                        0x080008bf   Thumb Code    20  _printf_char.o(.text)
    _printf_char                             0x080008d3   Thumb Code    16  _printf_char.o(.text)
    _printf_string                           0x080008e3   Thumb Code     8  _printf_char.o(.text)
    __user_setup_stackheap                   0x080008eb   Thumb Code    74  sys_stackheap_outer.o(.text)
    exit                                     0x08000935   Thumb Code    18  exit.o(.text)
    __user_libspace                          0x08000949   Thumb Code     8  libspace.o(.text)
    __user_perproc_libspace                  0x08000949   Thumb Code     0  libspace.o(.text)
    __user_perthread_libspace                0x08000949   Thumb Code     0  libspace.o(.text)
    _sys_exit                                0x08000951   Thumb Code     8  sys_exit.o(.text)
    __I$use$semihosting                      0x0800095d   Thumb Code     0  use_no_semi.o(.text)
    __use_no_semihosting_swi                 0x0800095d   Thumb Code     2  use_no_semi.o(.text)
    __semihosting_library_function           0x0800095f   Thumb Code     0  indicate_semi.o(.text)
    BSP_SD_GetCardInfo                       0x08000961   Thumb Code     8  bsp_driver_sd.o(i.BSP_SD_GetCardInfo)
    BSP_SD_GetCardState                      0x0800096d   Thumb Code    20  bsp_driver_sd.o(i.BSP_SD_GetCardState)
    BSP_SD_Init                              0x08000985   Thumb Code    42  bsp_driver_sd.o(i.BSP_SD_Init)
    BSP_SD_IsDetected                        0x080009b5   Thumb Code    14  bsp_driver_sd.o(i.BSP_SD_IsDetected)
    BSP_SD_ReadBlocks                        0x080009c5   Thumb Code    26  bsp_driver_sd.o(i.BSP_SD_ReadBlocks)
    BSP_SD_WriteBlocks                       0x080009e5   Thumb Code    26  bsp_driver_sd.o(i.BSP_SD_WriteBlocks)
    BusFault_Handler                         0x08000a05   Thumb Code     2  stm32h7xx_it.o(i.BusFault_Handler)
    DebugMon_Handler                         0x08000a07   Thumb Code     2  stm32h7xx_it.o(i.DebugMon_Handler)
    Error_Handler                            0x08000a09   Thumb Code     4  main.o(i.Error_Handler)
    FATFS_LinkDriver                         0x08000a0d   Thumb Code     6  ff_gen_drv.o(i.FATFS_LinkDriver)
    FATFS_LinkDriverEx                       0x08000a15   Thumb Code    58  ff_gen_drv.o(i.FATFS_LinkDriverEx)
    HAL_Delay                                0x08000a55   Thumb Code    32  stm32h7xx_hal.o(i.HAL_Delay)
    HAL_GPIO_Init                            0x08000a79   Thumb Code   506  stm32h7xx_hal_gpio.o(i.HAL_GPIO_Init)
    HAL_GPIO_WritePin                        0x08000ca5   Thumb Code    10  stm32h7xx_hal_gpio.o(i.HAL_GPIO_WritePin)
    HAL_GetREVID                             0x08000cb1   Thumb Code     8  stm32h7xx_hal.o(i.HAL_GetREVID)
    HAL_GetTick                              0x08000cbd   Thumb Code     6  stm32h7xx_hal.o(i.HAL_GetTick)
    HAL_IncTick                              0x08000cc9   Thumb Code    12  stm32h7xx_hal.o(i.HAL_IncTick)
    HAL_Init                                 0x08000cd9   Thumb Code    74  stm32h7xx_hal.o(i.HAL_Init)
    HAL_InitTick                             0x08000d35   Thumb Code    56  stm32h7xx_hal.o(i.HAL_InitTick)
    HAL_MspInit                              0x08000d75   Thumb Code    22  stm32h7xx_hal_msp.o(i.HAL_MspInit)
    HAL_NVIC_SetPriority                     0x08000d91   Thumb Code    60  stm32h7xx_hal_cortex.o(i.HAL_NVIC_SetPriority)
    HAL_NVIC_SetPriorityGrouping             0x08000dd1   Thumb Code    28  stm32h7xx_hal_cortex.o(i.HAL_NVIC_SetPriorityGrouping)
    HAL_PWREx_ConfigSupply                   0x08000df5   Thumb Code    78  stm32h7xx_hal_pwr_ex.o(i.HAL_PWREx_ConfigSupply)
    HAL_RCCEx_GetD3PCLK1Freq                 0x08000e49   Thumb Code    26  stm32h7xx_hal_rcc_ex.o(i.HAL_RCCEx_GetD3PCLK1Freq)
    HAL_RCCEx_GetPLL1ClockFreq               0x08000e6d   Thumb Code   298  stm32h7xx_hal_rcc_ex.o(i.HAL_RCCEx_GetPLL1ClockFreq)
    HAL_RCCEx_GetPLL2ClockFreq               0x08000fb5   Thumb Code   296  stm32h7xx_hal_rcc_ex.o(i.HAL_RCCEx_GetPLL2ClockFreq)
    HAL_RCCEx_GetPLL3ClockFreq               0x080010f9   Thumb Code   296  stm32h7xx_hal_rcc_ex.o(i.HAL_RCCEx_GetPLL3ClockFreq)
    HAL_RCCEx_GetPeriphCLKFreq               0x0800123d   Thumb Code   692  stm32h7xx_hal_rcc_ex.o(i.HAL_RCCEx_GetPeriphCLKFreq)
    HAL_RCCEx_PeriphCLKConfig                0x08001505   Thumb Code  2472  stm32h7xx_hal_rcc_ex.o(i.HAL_RCCEx_PeriphCLKConfig)
    HAL_RCC_ClockConfig                      0x08001eb1   Thumb Code   580  stm32h7xx_hal_rcc.o(i.HAL_RCC_ClockConfig)
    HAL_RCC_GetHCLKFreq                      0x0800210d   Thumb Code    52  stm32h7xx_hal_rcc.o(i.HAL_RCC_GetHCLKFreq)
    HAL_RCC_GetPCLK1Freq                     0x08002151   Thumb Code    26  stm32h7xx_hal_rcc.o(i.HAL_RCC_GetPCLK1Freq)
    HAL_RCC_GetPCLK2Freq                     0x08002175   Thumb Code    26  stm32h7xx_hal_rcc.o(i.HAL_RCC_GetPCLK2Freq)
    HAL_RCC_GetSysClockFreq                  0x08002199   Thumb Code   278  stm32h7xx_hal_rcc.o(i.HAL_RCC_GetSysClockFreq)
    HAL_RCC_OscConfig                        0x080022d1   Thumb Code  1410  stm32h7xx_hal_rcc.o(i.HAL_RCC_OscConfig)
    HAL_SD_ConfigWideBusOperation            0x08002855   Thumb Code   378  stm32h7xx_hal_sd.o(i.HAL_SD_ConfigWideBusOperation)
    HAL_SD_GetCardCSD                        0x080029dd   Thumb Code   440  stm32h7xx_hal_sd.o(i.HAL_SD_GetCardCSD)
    HAL_SD_GetCardInfo                       0x08002b99   Thumb Code    36  stm32h7xx_hal_sd.o(i.HAL_SD_GetCardInfo)
    HAL_SD_GetCardState                      0x08002bbd   Thumb Code    44  stm32h7xx_hal_sd.o(i.HAL_SD_GetCardState)
    HAL_SD_GetCardStatus                     0x08002be9   Thumb Code   198  stm32h7xx_hal_sd.o(i.HAL_SD_GetCardStatus)
    HAL_SD_Init                              0x08002cb5   Thumb Code   154  stm32h7xx_hal_sd.o(i.HAL_SD_Init)
    HAL_SD_InitCard                          0x08002d51   Thumb Code   158  stm32h7xx_hal_sd.o(i.HAL_SD_InitCard)
    HAL_SD_MspInit                           0x08002dfd   Thumb Code   162  stm32h7xx_hal_msp.o(i.HAL_SD_MspInit)
    HAL_SD_ReadBlocks                        0x08002eb1   Thumb Code   444  stm32h7xx_hal_sd.o(i.HAL_SD_ReadBlocks)
    HAL_SD_WriteBlocks                       0x08003075   Thumb Code   466  stm32h7xx_hal_sd.o(i.HAL_SD_WriteBlocks)
    HAL_SYSTICK_Config                       0x08003251   Thumb Code    38  stm32h7xx_hal_cortex.o(i.HAL_SYSTICK_Config)
    HAL_UARTEx_DisableFifoMode               0x08003277   Thumb Code    64  stm32h7xx_hal_uart_ex.o(i.HAL_UARTEx_DisableFifoMode)
    HAL_UARTEx_SetRxFifoThreshold            0x080032b7   Thumb Code    76  stm32h7xx_hal_uart_ex.o(i.HAL_UARTEx_SetRxFifoThreshold)
    HAL_UARTEx_SetTxFifoThreshold            0x08003303   Thumb Code    76  stm32h7xx_hal_uart_ex.o(i.HAL_UARTEx_SetTxFifoThreshold)
    HAL_UART_Init                            0x0800334f   Thumb Code   106  stm32h7xx_hal_uart.o(i.HAL_UART_Init)
    HAL_UART_MspInit                         0x080033b9   Thumb Code   124  stm32h7xx_hal_msp.o(i.HAL_UART_MspInit)
    HAL_UART_Transmit                        0x08003441   Thumb Code   176  stm32h7xx_hal_uart.o(i.HAL_UART_Transmit)
    HardFault_Handler                        0x080034f1   Thumb Code     2  stm32h7xx_it.o(i.HardFault_Handler)
    MX_FATFS_Init                            0x080034f5   Thumb Code    18  fatfs.o(i.MX_FATFS_Init)
    MemManage_Handler                        0x08003601   Thumb Code     2  stm32h7xx_it.o(i.MemManage_Handler)
    NMI_Handler                              0x08003603   Thumb Code     2  stm32h7xx_it.o(i.NMI_Handler)
    PendSV_Handler                           0x08003605   Thumb Code     2  stm32h7xx_it.o(i.PendSV_Handler)
    SDMMC_CmdAppCommand                      0x08003e49   Thumb Code    52  stm32h7xx_ll_sdmmc.o(i.SDMMC_CmdAppCommand)
    SDMMC_CmdAppOperCommand                  0x08003e7d   Thumb Code    46  stm32h7xx_ll_sdmmc.o(i.SDMMC_CmdAppOperCommand)
    SDMMC_CmdBlockLength                     0x08003eab   Thumb Code    50  stm32h7xx_ll_sdmmc.o(i.SDMMC_CmdBlockLength)
    SDMMC_CmdBusWidth                        0x08003edd   Thumb Code    52  stm32h7xx_ll_sdmmc.o(i.SDMMC_CmdBusWidth)
    SDMMC_CmdGoIdleState                     0x08003f11   Thumb Code    74  stm32h7xx_ll_sdmmc.o(i.SDMMC_CmdGoIdleState)
    SDMMC_CmdOperCond                        0x08003f65   Thumb Code    40  stm32h7xx_ll_sdmmc.o(i.SDMMC_CmdOperCond)
    SDMMC_CmdReadMultiBlock                  0x08003f8d   Thumb Code    52  stm32h7xx_ll_sdmmc.o(i.SDMMC_CmdReadMultiBlock)
    SDMMC_CmdReadSingleBlock                 0x08003fc1   Thumb Code    52  stm32h7xx_ll_sdmmc.o(i.SDMMC_CmdReadSingleBlock)
    SDMMC_CmdSelDesel                        0x08003ff5   Thumb Code    52  stm32h7xx_ll_sdmmc.o(i.SDMMC_CmdSelDesel)
    SDMMC_CmdSendCID                         0x08004029   Thumb Code    44  stm32h7xx_ll_sdmmc.o(i.SDMMC_CmdSendCID)
    SDMMC_CmdSendCSD                         0x08004055   Thumb Code    48  stm32h7xx_ll_sdmmc.o(i.SDMMC_CmdSendCSD)
    SDMMC_CmdSendSCR                         0x08004085   Thumb Code    50  stm32h7xx_ll_sdmmc.o(i.SDMMC_CmdSendSCR)
    SDMMC_CmdSendStatus                      0x080040b7   Thumb Code    52  stm32h7xx_ll_sdmmc.o(i.SDMMC_CmdSendStatus)
    SDMMC_CmdSetRelAdd                       0x080040eb   Thumb Code    50  stm32h7xx_ll_sdmmc.o(i.SDMMC_CmdSetRelAdd)
    SDMMC_CmdStatusRegister                  0x0800411d   Thumb Code    50  stm32h7xx_ll_sdmmc.o(i.SDMMC_CmdStatusRegister)
    SDMMC_CmdStopTransfer                    0x08004151   Thumb Code    78  stm32h7xx_ll_sdmmc.o(i.SDMMC_CmdStopTransfer)
    SDMMC_CmdWriteMultiBlock                 0x080041a5   Thumb Code    52  stm32h7xx_ll_sdmmc.o(i.SDMMC_CmdWriteMultiBlock)
    SDMMC_CmdWriteSingleBlock                0x080041d9   Thumb Code    52  stm32h7xx_ll_sdmmc.o(i.SDMMC_CmdWriteSingleBlock)
    SDMMC_ConfigData                         0x0800420d   Thumb Code    38  stm32h7xx_ll_sdmmc.o(i.SDMMC_ConfigData)
    SDMMC_GetCmdResp1                        0x08004235   Thumb Code   280  stm32h7xx_ll_sdmmc.o(i.SDMMC_GetCmdResp1)
    SDMMC_GetCmdResp2                        0x08004359   Thumb Code    76  stm32h7xx_ll_sdmmc.o(i.SDMMC_GetCmdResp2)
    SDMMC_GetCmdResp3                        0x080043ad   Thumb Code    62  stm32h7xx_ll_sdmmc.o(i.SDMMC_GetCmdResp3)
    SDMMC_GetCmdResp6                        0x080043f5   Thumb Code   130  stm32h7xx_ll_sdmmc.o(i.SDMMC_GetCmdResp6)
    SDMMC_GetCmdResp7                        0x08004481   Thumb Code    82  stm32h7xx_ll_sdmmc.o(i.SDMMC_GetCmdResp7)
    SDMMC_GetPowerState                      0x080044d9   Thumb Code     8  stm32h7xx_ll_sdmmc.o(i.SDMMC_GetPowerState)
    SDMMC_GetResponse                        0x080044e1   Thumb Code     6  stm32h7xx_ll_sdmmc.o(i.SDMMC_GetResponse)
    SDMMC_Init                               0x080044e9   Thumb Code    28  stm32h7xx_ll_sdmmc.o(i.SDMMC_Init)
    SDMMC_PowerState_ON                      0x08004509   Thumb Code    12  stm32h7xx_ll_sdmmc.o(i.SDMMC_PowerState_ON)
    SDMMC_ReadFIFO                           0x08004515   Thumb Code     6  stm32h7xx_ll_sdmmc.o(i.SDMMC_ReadFIFO)
    SDMMC_SendCommand                        0x0800451d   Thumb Code    34  stm32h7xx_ll_sdmmc.o(i.SDMMC_SendCommand)
    SDMMC_WriteFIFO                          0x08004545   Thumb Code    10  stm32h7xx_ll_sdmmc.o(i.SDMMC_WriteFIFO)
    SD_initialize                            0x080048e5   Thumb Code    28  sd_diskio.o(i.SD_initialize)
    SD_ioctl                                 0x08004905   Thumb Code    84  sd_diskio.o(i.SD_ioctl)
    SD_read                                  0x0800495d   Thumb Code    38  sd_diskio.o(i.SD_read)
    SD_status                                0x08004983   Thumb Code     4  sd_diskio.o(i.SD_status)
    SD_write                                 0x08004989   Thumb Code    38  sd_diskio.o(i.SD_write)
    SVC_Handler                              0x080049af   Thumb Code     2  stm32h7xx_it.o(i.SVC_Handler)
    SysTick_Handler                          0x080049b1   Thumb Code     4  stm32h7xx_it.o(i.SysTick_Handler)
    SystemClock_Config                       0x080049b5   Thumb Code   162  main.o(i.SystemClock_Config)
    SystemInit                               0x08004a61   Thumb Code   180  system_stm32h7xx.o(i.SystemInit)
    UART_AdvFeatureConfig                    0x08004b81   Thumb Code   200  stm32h7xx_hal_uart.o(i.UART_AdvFeatureConfig)
    UART_CheckIdleState                      0x08004c49   Thumb Code   170  stm32h7xx_hal_uart.o(i.UART_CheckIdleState)
    UART_SetConfig                           0x08004d49   Thumb Code   876  stm32h7xx_hal_uart.o(i.UART_SetConfig)
    UART_WaitOnFlagUntilTimeout              0x080050f5   Thumb Code   148  stm32h7xx_hal_uart.o(i.UART_WaitOnFlagUntilTimeout)
    UsageFault_Handler                       0x08005189   Thumb Code     2  stm32h7xx_it.o(i.UsageFault_Handler)
    _is_digit                                0x080051ad   Thumb Code    14  __printf_wp.o(i._is_digit)
    disk_initialize                          0x08005ba9   Thumb Code    38  diskio.o(i.disk_initialize)
    disk_ioctl                               0x08005bd5   Thumb Code    20  diskio.o(i.disk_ioctl)
    disk_read                                0x08005bed   Thumb Code    22  diskio.o(i.disk_read)
    disk_status                              0x08005c09   Thumb Code    16  diskio.o(i.disk_status)
    disk_write                               0x08005c1d   Thumb Code    22  diskio.o(i.disk_write)
    f_close                                  0x08005c39   Thumb Code    40  ff.o(i.f_close)
    f_getfree                                0x08005c61   Thumb Code   212  ff.o(i.f_getfree)
    f_gets                                   0x08005d35   Thumb Code    72  ff.o(i.f_gets)
    f_lseek                                  0x08005d7d   Thumb Code   572  ff.o(i.f_lseek)
    f_mount                                  0x08005fb9   Thumb Code    84  ff.o(i.f_mount)
    f_open                                   0x08006011   Thumb Code   542  ff.o(i.f_open)
    f_puts                                   0x08006235   Thumb Code    38  ff.o(i.f_puts)
    f_read                                   0x0800625b   Thumb Code   372  ff.o(i.f_read)
    f_sync                                   0x080063cf   Thumb Code   142  ff.o(i.f_sync)
    f_unlink                                 0x0800645d   Thumb Code   166  ff.o(i.f_unlink)
    f_write                                  0x08006503   Thumb Code   430  ff.o(i.f_write)
    ff_convert                               0x080066b1   Thumb Code    54  ccsbcs.o(i.ff_convert)
    ff_wtoupper                              0x080066ed   Thumb Code   120  ccsbcs.o(i.ff_wtoupper)
    get_fattime                              0x08006bdf   Thumb Code     4  fatfs.o(i.get_fattime)
    main                                     0x08006ce9   Thumb Code    58  main.o(i.main)
    _fp_init                                 0x0800716f   Thumb Code    10  fpinit.o(x$fpl$fpinit)
    __fplib_config_fpu_vfp                   0x08007177   Thumb Code     0  fpinit.o(x$fpl$fpinit)
    __fplib_config_pureend_doubles           0x08007177   Thumb Code     0  fpinit.o(x$fpl$fpinit)
    UARTPrescTable                           0x08007178   Data          24  stm32h7xx_hal_uart.o(.constdata)
    D1CorePrescTable                         0x080071a0   Data          16  system_stm32h7xx.o(.constdata)
    SD_Driver                                0x080071b0   Data          20  sd_diskio.o(.constdata)
    Region$$Table$$Base                      0x08007674   Number         0  anon$$obj.o(Region$$Table)
    Region$$Table$$Limit                     0x08007694   Number         0  anon$$obj.o(Region$$Table)
    FR_Status                                0x24000000   Data           1  main.o(.data)
    Open_Status                              0x24000001   Data           1  main.o(.data)
    FS_Ptr                                   0x24000004   Data           4  main.o(.data)
    RWC                                      0x24000008   Data           4  main.o(.data)
    WWC                                      0x2400000c   Data           4  main.o(.data)
    FreeClusters                             0x24000010   Data           4  main.o(.data)
    TotalSize                                0x24000014   Data           4  main.o(.data)
    FreeSpace                                0x24000018   Data           4  main.o(.data)
    uwTickFreq                               0x2400001c   Data           1  stm32h7xx_hal.o(.data)
    uwTickPrio                               0x24000020   Data           4  stm32h7xx_hal.o(.data)
    uwTick                                   0x24000024   Data           4  stm32h7xx_hal.o(.data)
    SystemCoreClock                          0x24000028   Data           4  system_stm32h7xx.o(.data)
    SystemD2Clock                            0x2400002c   Data           4  system_stm32h7xx.o(.data)
    retSD                                    0x24000031   Data           1  fatfs.o(.data)
    SDPath                                   0x24000032   Data           4  fatfs.o(.data)
    hsd1                                     0x24000040   Data         124  main.o(.bss)
    huart3                                   0x240000bc   Data         148  main.o(.bss)
    TxBuffer                                 0x24000150   Data         250  main.o(.bss)
    Fil                                      0x2400024c   Data        4144  main.o(.bss)
    RW_Buffer                                0x2400127c   Data         250  main.o(.bss)
    SDFatFS                                  0x24001378   Data        4152  fatfs.o(.bss)
    disk                                     0x240023d0   Data          12  ff_gen_drv.o(.bss)
    __libspace_start                         0x240023dc   Data          96  libspace.o(.bss)
    __temporary_stack_top$libspace           0x2400243c   Data           0  libspace.o(.bss)



==============================================================================

Memory Map of the image

  Image Entry point : 0x08000299

  Load Region LR_IROM1 (Base: 0x08000000, Size: 0x000076d4, Max: 0x00200000, ABSOLUTE)

    Execution Region ER_IROM1 (Exec base: 0x08000000, Load base: 0x08000000, Size: 0x00007694, Max: 0x00200000, ABSOLUTE)

    Exec Addr    Load Addr    Size         Type   Attr      Idx    E Section Name        Object

    0x08000000   0x08000000   0x00000298   Data   RO            3    RESET               startup_stm32h743xx.o
    0x08000298   0x08000298   0x00000008   Code   RO         4991  * !!!main             c_w.l(__main.o)
    0x080002a0   0x080002a0   0x00000034   Code   RO         5171    !!!scatter          c_w.l(__scatter.o)
    0x080002d4   0x080002d4   0x0000001a   Code   RO         5173    !!handler_copy      c_w.l(__scatter_copy.o)
    0x080002ee   0x080002ee   0x00000002   PAD
    0x080002f0   0x080002f0   0x0000001c   Code   RO         5175    !!handler_zi        c_w.l(__scatter_zi.o)
    0x0800030c   0x0800030c   0x00000000   Code   RO         4980    .ARM.Collect$$_printf_percent$$00000000  c_w.l(_printf_percent.o)
    0x0800030c   0x0800030c   0x00000006   Code   RO         4977    .ARM.Collect$$_printf_percent$$00000008  c_w.l(_printf_i.o)
    0x08000312   0x08000312   0x00000006   Code   RO         4979    .ARM.Collect$$_printf_percent$$0000000A  c_w.l(_printf_u.o)
    0x08000318   0x08000318   0x00000006   Code   RO         4976    .ARM.Collect$$_printf_percent$$00000014  c_w.l(_printf_s.o)
    0x0800031e   0x0800031e   0x00000004   Code   RO         5006    .ARM.Collect$$_printf_percent$$00000017  c_w.l(_printf_percent_end.o)
    0x08000322   0x08000322   0x00000002   Code   RO         5039    .ARM.Collect$$libinit$$00000000  c_w.l(libinit.o)
    0x08000324   0x08000324   0x00000004   Code   RO         5051    .ARM.Collect$$libinit$$00000001  c_w.l(libinit2.o)
    0x08000328   0x08000328   0x00000000   Code   RO         5054    .ARM.Collect$$libinit$$00000004  c_w.l(libinit2.o)
    0x08000328   0x08000328   0x00000000   Code   RO         5057    .ARM.Collect$$libinit$$0000000A  c_w.l(libinit2.o)
    0x08000328   0x08000328   0x00000000   Code   RO         5059    .ARM.Collect$$libinit$$0000000C  c_w.l(libinit2.o)
    0x08000328   0x08000328   0x00000000   Code   RO         5061    .ARM.Collect$$libinit$$0000000E  c_w.l(libinit2.o)
    0x08000328   0x08000328   0x00000000   Code   RO         5064    .ARM.Collect$$libinit$$00000011  c_w.l(libinit2.o)
    0x08000328   0x08000328   0x00000000   Code   RO         5066    .ARM.Collect$$libinit$$00000013  c_w.l(libinit2.o)
    0x08000328   0x08000328   0x00000000   Code   RO         5068    .ARM.Collect$$libinit$$00000015  c_w.l(libinit2.o)
    0x08000328   0x08000328   0x00000000   Code   RO         5070    .ARM.Collect$$libinit$$00000017  c_w.l(libinit2.o)
    0x08000328   0x08000328   0x00000000   Code   RO         5072    .ARM.Collect$$libinit$$00000019  c_w.l(libinit2.o)
    0x08000328   0x08000328   0x00000000   Code   RO         5074    .ARM.Collect$$libinit$$0000001B  c_w.l(libinit2.o)
    0x08000328   0x08000328   0x00000000   Code   RO         5076    .ARM.Collect$$libinit$$0000001D  c_w.l(libinit2.o)
    0x08000328   0x08000328   0x00000000   Code   RO         5078    .ARM.Collect$$libinit$$0000001F  c_w.l(libinit2.o)
    0x08000328   0x08000328   0x00000000   Code   RO         5080    .ARM.Collect$$libinit$$00000021  c_w.l(libinit2.o)
    0x08000328   0x08000328   0x00000000   Code   RO         5082    .ARM.Collect$$libinit$$00000023  c_w.l(libinit2.o)
    0x08000328   0x08000328   0x00000000   Code   RO         5084    .ARM.Collect$$libinit$$00000025  c_w.l(libinit2.o)
    0x08000328   0x08000328   0x00000000   Code   RO         5088    .ARM.Collect$$libinit$$0000002C  c_w.l(libinit2.o)
    0x08000328   0x08000328   0x00000000   Code   RO         5090    .ARM.Collect$$libinit$$0000002E  c_w.l(libinit2.o)
    0x08000328   0x08000328   0x00000000   Code   RO         5092    .ARM.Collect$$libinit$$00000030  c_w.l(libinit2.o)
    0x08000328   0x08000328   0x00000000   Code   RO         5094    .ARM.Collect$$libinit$$00000032  c_w.l(libinit2.o)
    0x08000328   0x08000328   0x00000002   Code   RO         5095    .ARM.Collect$$libinit$$00000033  c_w.l(libinit2.o)
    0x0800032a   0x0800032a   0x00000002   Code   RO         5126    .ARM.Collect$$libshutdown$$00000000  c_w.l(libshutdown.o)
    0x0800032c   0x0800032c   0x00000000   Code   RO         5152    .ARM.Collect$$libshutdown$$00000002  c_w.l(libshutdown2.o)
    0x0800032c   0x0800032c   0x00000000   Code   RO         5154    .ARM.Collect$$libshutdown$$00000004  c_w.l(libshutdown2.o)
    0x0800032c   0x0800032c   0x00000000   Code   RO         5156    .ARM.Collect$$libshutdown$$00000006  c_w.l(libshutdown2.o)
    0x0800032c   0x0800032c   0x00000000   Code   RO         5159    .ARM.Collect$$libshutdown$$00000009  c_w.l(libshutdown2.o)
    0x0800032c   0x0800032c   0x00000000   Code   RO         5162    .ARM.Collect$$libshutdown$$0000000C  c_w.l(libshutdown2.o)
    0x0800032c   0x0800032c   0x00000000   Code   RO         5164    .ARM.Collect$$libshutdown$$0000000E  c_w.l(libshutdown2.o)
    0x0800032c   0x0800032c   0x00000000   Code   RO         5167    .ARM.Collect$$libshutdown$$00000011  c_w.l(libshutdown2.o)
    0x0800032c   0x0800032c   0x00000002   Code   RO         5168    .ARM.Collect$$libshutdown$$00000012  c_w.l(libshutdown2.o)
    0x0800032e   0x0800032e   0x00000000   Code   RO         4993    .ARM.Collect$$rtentry$$00000000  c_w.l(__rtentry.o)
    0x0800032e   0x0800032e   0x00000000   Code   RO         5008    .ARM.Collect$$rtentry$$00000002  c_w.l(__rtentry2.o)
    0x0800032e   0x0800032e   0x00000006   Code   RO         5020    .ARM.Collect$$rtentry$$00000004  c_w.l(__rtentry4.o)
    0x08000334   0x08000334   0x00000000   Code   RO         5010    .ARM.Collect$$rtentry$$00000009  c_w.l(__rtentry2.o)
    0x08000334   0x08000334   0x00000004   Code   RO         5011    .ARM.Collect$$rtentry$$0000000A  c_w.l(__rtentry2.o)
    0x08000338   0x08000338   0x00000000   Code   RO         5013    .ARM.Collect$$rtentry$$0000000C  c_w.l(__rtentry2.o)
    0x08000338   0x08000338   0x00000008   Code   RO         5014    .ARM.Collect$$rtentry$$0000000D  c_w.l(__rtentry2.o)
    0x08000340   0x08000340   0x00000002   Code   RO         5043    .ARM.Collect$$rtexit$$00000000  c_w.l(rtexit.o)
    0x08000342   0x08000342   0x00000000   Code   RO         5099    .ARM.Collect$$rtexit$$00000002  c_w.l(rtexit2.o)
    0x08000342   0x08000342   0x00000004   Code   RO         5100    .ARM.Collect$$rtexit$$00000003  c_w.l(rtexit2.o)
    0x08000346   0x08000346   0x00000006   Code   RO         5101    .ARM.Collect$$rtexit$$00000004  c_w.l(rtexit2.o)
    0x0800034c   0x0800034c   0x00000040   Code   RO            4    .text               startup_stm32h743xx.o
    0x0800038c   0x0800038c   0x000000ee   Code   RO         4941    .text               c_w.l(lludivv7m.o)
    0x0800047a   0x0800047a   0x00000002   PAD
    0x0800047c   0x0800047c   0x00000028   Code   RO         4945    .text               c_w.l(noretval__2sprintf.o)
    0x080004a4   0x080004a4   0x00000052   Code   RO         4951    .text               c_w.l(_printf_str.o)
    0x080004f6   0x080004f6   0x00000002   PAD
    0x080004f8   0x080004f8   0x00000078   Code   RO         4953    .text               c_w.l(_printf_dec.o)
    0x08000570   0x08000570   0x00000188   Code   RO         4972    .text               c_w.l(__printf_flags_ss_wp.o)
    0x080006f8   0x080006f8   0x00000048   Code   RO         4981    .text               c_w.l(strcpy.o)
    0x08000740   0x08000740   0x0000003e   Code   RO         4983    .text               c_w.l(strlen.o)
    0x0800077e   0x0800077e   0x0000004e   Code   RO         4985    .text               c_w.l(rt_memclr_w.o)
    0x080007cc   0x080007cc   0x00000006   Code   RO         4989    .text               c_w.l(heapauxi.o)
    0x080007d2   0x080007d2   0x000000b2   Code   RO         4998    .text               c_w.l(_printf_intcommon.o)
    0x08000884   0x08000884   0x00000030   Code   RO         5000    .text               c_w.l(_printf_char_common.o)
    0x080008b4   0x080008b4   0x0000000a   Code   RO         5002    .text               c_w.l(_sputc.o)
    0x080008be   0x080008be   0x0000002c   Code   RO         5004    .text               c_w.l(_printf_char.o)
    0x080008ea   0x080008ea   0x0000004a   Code   RO         5026    .text               c_w.l(sys_stackheap_outer.o)
    0x08000934   0x08000934   0x00000012   Code   RO         5028    .text               c_w.l(exit.o)
    0x08000946   0x08000946   0x00000002   PAD
    0x08000948   0x08000948   0x00000008   Code   RO         5040    .text               c_w.l(libspace.o)
    0x08000950   0x08000950   0x0000000c   Code   RO         5096    .text               c_w.l(sys_exit.o)
    0x0800095c   0x0800095c   0x00000002   Code   RO         5115    .text               c_w.l(use_no_semi.o)
    0x0800095e   0x0800095e   0x00000000   Code   RO         5117    .text               c_w.l(indicate_semi.o)
    0x0800095e   0x0800095e   0x00000002   PAD
    0x08000960   0x08000960   0x0000000c   Code   RO         4213    i.BSP_SD_GetCardInfo  bsp_driver_sd.o
    0x0800096c   0x0800096c   0x00000018   Code   RO         4214    i.BSP_SD_GetCardState  bsp_driver_sd.o
    0x08000984   0x08000984   0x00000030   Code   RO         4216    i.BSP_SD_Init       bsp_driver_sd.o
    0x080009b4   0x080009b4   0x0000000e   Code   RO         4217    i.BSP_SD_IsDetected  bsp_driver_sd.o
    0x080009c2   0x080009c2   0x00000002   PAD
    0x080009c4   0x080009c4   0x00000020   Code   RO         4218    i.BSP_SD_ReadBlocks  bsp_driver_sd.o
    0x080009e4   0x080009e4   0x00000020   Code   RO         4221    i.BSP_SD_WriteBlocks  bsp_driver_sd.o
    0x08000a04   0x08000a04   0x00000002   Code   RO          445    i.BusFault_Handler  stm32h7xx_it.o
    0x08000a06   0x08000a06   0x00000002   Code   RO          446    i.DebugMon_Handler  stm32h7xx_it.o
    0x08000a08   0x08000a08   0x00000004   Code   RO          385    i.Error_Handler     main.o
    0x08000a0c   0x08000a0c   0x00000006   Code   RO         4836    i.FATFS_LinkDriver  ff_gen_drv.o
    0x08000a12   0x08000a12   0x00000002   PAD
    0x08000a14   0x08000a14   0x00000040   Code   RO         4837    i.FATFS_LinkDriverEx  ff_gen_drv.o
    0x08000a54   0x08000a54   0x00000024   Code   RO         2080    i.HAL_Delay         stm32h7xx_hal.o
    0x08000a78   0x08000a78   0x0000022c   Code   RO         1219    i.HAL_GPIO_Init     stm32h7xx_hal_gpio.o
    0x08000ca4   0x08000ca4   0x0000000a   Code   RO         1223    i.HAL_GPIO_WritePin  stm32h7xx_hal_gpio.o
    0x08000cae   0x08000cae   0x00000002   PAD
    0x08000cb0   0x08000cb0   0x0000000c   Code   RO         2091    i.HAL_GetREVID      stm32h7xx_hal.o
    0x08000cbc   0x08000cbc   0x0000000c   Code   RO         2092    i.HAL_GetTick       stm32h7xx_hal.o
    0x08000cc8   0x08000cc8   0x00000010   Code   RO         2098    i.HAL_IncTick       stm32h7xx_hal.o
    0x08000cd8   0x08000cd8   0x0000005c   Code   RO         2099    i.HAL_Init          stm32h7xx_hal.o
    0x08000d34   0x08000d34   0x00000040   Code   RO         2100    i.HAL_InitTick      stm32h7xx_hal.o
    0x08000d74   0x08000d74   0x0000001c   Code   RO          523    i.HAL_MspInit       stm32h7xx_hal_msp.o
    0x08000d90   0x08000d90   0x00000040   Code   RO          585    i.HAL_NVIC_SetPriority  stm32h7xx_hal_cortex.o
    0x08000dd0   0x08000dd0   0x00000024   Code   RO          586    i.HAL_NVIC_SetPriorityGrouping  stm32h7xx_hal_cortex.o
    0x08000df4   0x08000df4   0x00000054   Code   RO         1820    i.HAL_PWREx_ConfigSupply  stm32h7xx_hal_pwr_ex.o
    0x08000e48   0x08000e48   0x00000024   Code   RO          840    i.HAL_RCCEx_GetD3PCLK1Freq  stm32h7xx_hal_rcc_ex.o
    0x08000e6c   0x08000e6c   0x00000148   Code   RO          841    i.HAL_RCCEx_GetPLL1ClockFreq  stm32h7xx_hal_rcc_ex.o
    0x08000fb4   0x08000fb4   0x00000144   Code   RO          842    i.HAL_RCCEx_GetPLL2ClockFreq  stm32h7xx_hal_rcc_ex.o
    0x080010f8   0x080010f8   0x00000144   Code   RO          843    i.HAL_RCCEx_GetPLL3ClockFreq  stm32h7xx_hal_rcc_ex.o
    0x0800123c   0x0800123c   0x000002c8   Code   RO          845    i.HAL_RCCEx_GetPeriphCLKFreq  stm32h7xx_hal_rcc_ex.o
    0x08001504   0x08001504   0x000009ac   Code   RO          849    i.HAL_RCCEx_PeriphCLKConfig  stm32h7xx_hal_rcc_ex.o
    0x08001eb0   0x08001eb0   0x0000025c   Code   RO          725    i.HAL_RCC_ClockConfig  stm32h7xx_hal_rcc.o
    0x0800210c   0x0800210c   0x00000044   Code   RO          730    i.HAL_RCC_GetHCLKFreq  stm32h7xx_hal_rcc.o
    0x08002150   0x08002150   0x00000024   Code   RO          732    i.HAL_RCC_GetPCLK1Freq  stm32h7xx_hal_rcc.o
    0x08002174   0x08002174   0x00000024   Code   RO          733    i.HAL_RCC_GetPCLK2Freq  stm32h7xx_hal_rcc.o
    0x08002198   0x08002198   0x00000138   Code   RO          734    i.HAL_RCC_GetSysClockFreq  stm32h7xx_hal_rcc.o
    0x080022d0   0x080022d0   0x00000582   Code   RO          737    i.HAL_RCC_OscConfig  stm32h7xx_hal_rcc.o
    0x08002852   0x08002852   0x00000002   PAD
    0x08002854   0x08002854   0x00000188   Code   RO         3331    i.HAL_SD_ConfigWideBusOperation  stm32h7xx_hal_sd.o
    0x080029dc   0x080029dc   0x000001bc   Code   RO         3336    i.HAL_SD_GetCardCSD  stm32h7xx_hal_sd.o
    0x08002b98   0x08002b98   0x00000024   Code   RO         3337    i.HAL_SD_GetCardInfo  stm32h7xx_hal_sd.o
    0x08002bbc   0x08002bbc   0x0000002c   Code   RO         3338    i.HAL_SD_GetCardState  stm32h7xx_hal_sd.o
    0x08002be8   0x08002be8   0x000000cc   Code   RO         3339    i.HAL_SD_GetCardStatus  stm32h7xx_hal_sd.o
    0x08002cb4   0x08002cb4   0x0000009a   Code   RO         3343    i.HAL_SD_Init       stm32h7xx_hal_sd.o
    0x08002d4e   0x08002d4e   0x00000002   PAD
    0x08002d50   0x08002d50   0x000000ac   Code   RO         3344    i.HAL_SD_InitCard   stm32h7xx_hal_sd.o
    0x08002dfc   0x08002dfc   0x000000b4   Code   RO          525    i.HAL_SD_MspInit    stm32h7xx_hal_msp.o
    0x08002eb0   0x08002eb0   0x000001c4   Code   RO         3347    i.HAL_SD_ReadBlocks  stm32h7xx_hal_sd.o
    0x08003074   0x08003074   0x000001dc   Code   RO         3352    i.HAL_SD_WriteBlocks  stm32h7xx_hal_sd.o
    0x08003250   0x08003250   0x00000026   Code   RO          590    i.HAL_SYSTICK_Config  stm32h7xx_hal_cortex.o
    0x08003276   0x08003276   0x00000040   Code   RO         4056    i.HAL_UARTEx_DisableFifoMode  stm32h7xx_hal_uart_ex.o
    0x080032b6   0x080032b6   0x0000004c   Code   RO         4065    i.HAL_UARTEx_SetRxFifoThreshold  stm32h7xx_hal_uart_ex.o
    0x08003302   0x08003302   0x0000004c   Code   RO         4066    i.HAL_UARTEx_SetTxFifoThreshold  stm32h7xx_hal_uart_ex.o
    0x0800334e   0x0800334e   0x0000006a   Code   RO         3665    i.HAL_UART_Init     stm32h7xx_hal_uart.o
    0x080033b8   0x080033b8   0x00000088   Code   RO          527    i.HAL_UART_MspInit  stm32h7xx_hal_msp.o
    0x08003440   0x08003440   0x000000b0   Code   RO         3674    i.HAL_UART_Transmit  stm32h7xx_hal_uart.o
    0x080034f0   0x080034f0   0x00000002   Code   RO          447    i.HardFault_Handler  stm32h7xx_it.o
    0x080034f2   0x080034f2   0x00000002   PAD
    0x080034f4   0x080034f4   0x0000001c   Code   RO         4386    i.MX_FATFS_Init     fatfs.o
    0x08003510   0x08003510   0x0000008c   Code   RO          386    i.MX_GPIO_Init      main.o
    0x0800359c   0x0800359c   0x00000064   Code   RO          387    i.MX_USART3_UART_Init  main.o
    0x08003600   0x08003600   0x00000002   Code   RO          448    i.MemManage_Handler  stm32h7xx_it.o
    0x08003602   0x08003602   0x00000002   Code   RO          449    i.NMI_Handler       stm32h7xx_it.o
    0x08003604   0x08003604   0x00000002   Code   RO          450    i.PendSV_Handler    stm32h7xx_it.o
    0x08003606   0x08003606   0x00000002   PAD
    0x08003608   0x08003608   0x00000120   Code   RO          852    i.RCCEx_PLL2_Config  stm32h7xx_hal_rcc_ex.o
    0x08003728   0x08003728   0x00000120   Code   RO          853    i.RCCEx_PLL3_Config  stm32h7xx_hal_rcc_ex.o
    0x08003848   0x08003848   0x00000600   Code   RO          388    i.SDIO_SDCard_Test  main.o
    0x08003e48   0x08003e48   0x00000034   Code   RO         2983    i.SDMMC_CmdAppCommand  stm32h7xx_ll_sdmmc.o
    0x08003e7c   0x08003e7c   0x0000002e   Code   RO         2984    i.SDMMC_CmdAppOperCommand  stm32h7xx_ll_sdmmc.o
    0x08003eaa   0x08003eaa   0x00000032   Code   RO         2985    i.SDMMC_CmdBlockLength  stm32h7xx_ll_sdmmc.o
    0x08003edc   0x08003edc   0x00000034   Code   RO         2986    i.SDMMC_CmdBusWidth  stm32h7xx_ll_sdmmc.o
    0x08003f10   0x08003f10   0x00000054   Code   RO         2990    i.SDMMC_CmdGoIdleState  stm32h7xx_ll_sdmmc.o
    0x08003f64   0x08003f64   0x00000028   Code   RO         2992    i.SDMMC_CmdOperCond  stm32h7xx_ll_sdmmc.o
    0x08003f8c   0x08003f8c   0x00000034   Code   RO         2993    i.SDMMC_CmdReadMultiBlock  stm32h7xx_ll_sdmmc.o
    0x08003fc0   0x08003fc0   0x00000034   Code   RO         2994    i.SDMMC_CmdReadSingleBlock  stm32h7xx_ll_sdmmc.o
    0x08003ff4   0x08003ff4   0x00000034   Code   RO         2997    i.SDMMC_CmdSelDesel  stm32h7xx_ll_sdmmc.o
    0x08004028   0x08004028   0x0000002c   Code   RO         2998    i.SDMMC_CmdSendCID  stm32h7xx_ll_sdmmc.o
    0x08004054   0x08004054   0x00000030   Code   RO         2999    i.SDMMC_CmdSendCSD  stm32h7xx_ll_sdmmc.o
    0x08004084   0x08004084   0x00000032   Code   RO         3001    i.SDMMC_CmdSendSCR  stm32h7xx_ll_sdmmc.o
    0x080040b6   0x080040b6   0x00000034   Code   RO         3002    i.SDMMC_CmdSendStatus  stm32h7xx_ll_sdmmc.o
    0x080040ea   0x080040ea   0x00000032   Code   RO         3003    i.SDMMC_CmdSetRelAdd  stm32h7xx_ll_sdmmc.o
    0x0800411c   0x0800411c   0x00000032   Code   RO         3006    i.SDMMC_CmdStatusRegister  stm32h7xx_ll_sdmmc.o
    0x0800414e   0x0800414e   0x00000002   PAD
    0x08004150   0x08004150   0x00000054   Code   RO         3007    i.SDMMC_CmdStopTransfer  stm32h7xx_ll_sdmmc.o
    0x080041a4   0x080041a4   0x00000034   Code   RO         3010    i.SDMMC_CmdWriteMultiBlock  stm32h7xx_ll_sdmmc.o
    0x080041d8   0x080041d8   0x00000034   Code   RO         3011    i.SDMMC_CmdWriteSingleBlock  stm32h7xx_ll_sdmmc.o
    0x0800420c   0x0800420c   0x00000026   Code   RO         3012    i.SDMMC_ConfigData  stm32h7xx_ll_sdmmc.o
    0x08004232   0x08004232   0x00000002   PAD
    0x08004234   0x08004234   0x00000124   Code   RO         3013    i.SDMMC_GetCmdResp1  stm32h7xx_ll_sdmmc.o
    0x08004358   0x08004358   0x00000054   Code   RO         3014    i.SDMMC_GetCmdResp2  stm32h7xx_ll_sdmmc.o
    0x080043ac   0x080043ac   0x00000048   Code   RO         3015    i.SDMMC_GetCmdResp3  stm32h7xx_ll_sdmmc.o
    0x080043f4   0x080043f4   0x0000008c   Code   RO         3016    i.SDMMC_GetCmdResp6  stm32h7xx_ll_sdmmc.o
    0x08004480   0x08004480   0x00000058   Code   RO         3017    i.SDMMC_GetCmdResp7  stm32h7xx_ll_sdmmc.o
    0x080044d8   0x080044d8   0x00000008   Code   RO         3021    i.SDMMC_GetPowerState  stm32h7xx_ll_sdmmc.o
    0x080044e0   0x080044e0   0x00000006   Code   RO         3022    i.SDMMC_GetResponse  stm32h7xx_ll_sdmmc.o
    0x080044e6   0x080044e6   0x00000002   PAD
    0x080044e8   0x080044e8   0x00000020   Code   RO         3023    i.SDMMC_Init        stm32h7xx_ll_sdmmc.o
    0x08004508   0x08004508   0x0000000c   Code   RO         3026    i.SDMMC_PowerState_ON  stm32h7xx_ll_sdmmc.o
    0x08004514   0x08004514   0x00000006   Code   RO         3027    i.SDMMC_ReadFIFO    stm32h7xx_ll_sdmmc.o
    0x0800451a   0x0800451a   0x00000002   PAD
    0x0800451c   0x0800451c   0x00000028   Code   RO         3028    i.SDMMC_SendCommand  stm32h7xx_ll_sdmmc.o
    0x08004544   0x08004544   0x0000000a   Code   RO         3030    i.SDMMC_WriteFIFO   stm32h7xx_ll_sdmmc.o
    0x0800454e   0x0800454e   0x00000002   PAD
    0x08004550   0x08004550   0x00000020   Code   RO         4326    i.SD_CheckStatus    sd_diskio.o
    0x08004570   0x08004570   0x000000e4   Code   RO         3355    i.SD_FindSCR        stm32h7xx_hal_sd.o
    0x08004654   0x08004654   0x000000f6   Code   RO         3356    i.SD_InitCard       stm32h7xx_hal_sd.o
    0x0800474a   0x0800474a   0x00000002   PAD
    0x0800474c   0x0800474c   0x000000b4   Code   RO         3357    i.SD_PowerON        stm32h7xx_hal_sd.o
    0x08004800   0x08004800   0x000000e4   Code   RO         3358    i.SD_SendSDStatus   stm32h7xx_hal_sd.o
    0x080048e4   0x080048e4   0x00000020   Code   RO         4327    i.SD_initialize     sd_diskio.o
    0x08004904   0x08004904   0x00000058   Code   RO         4328    i.SD_ioctl          sd_diskio.o
    0x0800495c   0x0800495c   0x00000026   Code   RO         4329    i.SD_read           sd_diskio.o
    0x08004982   0x08004982   0x00000004   Code   RO         4330    i.SD_status         sd_diskio.o
    0x08004986   0x08004986   0x00000002   PAD
    0x08004988   0x08004988   0x00000026   Code   RO         4331    i.SD_write          sd_diskio.o
    0x080049ae   0x080049ae   0x00000002   Code   RO          451    i.SVC_Handler       stm32h7xx_it.o
    0x080049b0   0x080049b0   0x00000004   Code   RO          452    i.SysTick_Handler   stm32h7xx_it.o
    0x080049b4   0x080049b4   0x000000ac   Code   RO          389    i.SystemClock_Config  main.o
    0x08004a60   0x08004a60   0x000000dc   Code   RO         4175    i.SystemInit        system_stm32h7xx.o
    0x08004b3c   0x08004b3c   0x00000044   Code   RO         4070    i.UARTEx_SetNbDataToProcess  stm32h7xx_hal_uart_ex.o
    0x08004b80   0x08004b80   0x000000c8   Code   RO         3679    i.UART_AdvFeatureConfig  stm32h7xx_hal_uart.o
    0x08004c48   0x08004c48   0x000000aa   Code   RO         3680    i.UART_CheckIdleState  stm32h7xx_hal_uart.o
    0x08004cf2   0x08004cf2   0x00000002   PAD
    0x08004cf4   0x08004cf4   0x00000054   Code   RO         3691    i.UART_EndRxTransfer  stm32h7xx_hal_uart.o
    0x08004d48   0x08004d48   0x000003ac   Code   RO         3697    i.UART_SetConfig    stm32h7xx_hal_uart.o
    0x080050f4   0x080050f4   0x00000094   Code   RO         3704    i.UART_WaitOnFlagUntilTimeout  stm32h7xx_hal_uart.o
    0x08005188   0x08005188   0x00000002   Code   RO          453    i.UsageFault_Handler  stm32h7xx_it.o
    0x0800518a   0x0800518a   0x00000022   Code   RO          592    i.__NVIC_SetPriority  stm32h7xx_hal_cortex.o
    0x080051ac   0x080051ac   0x0000000e   Code   RO         4965    i._is_digit         c_w.l(__printf_wp.o)
    0x080051ba   0x080051ba   0x00000002   PAD
    0x080051bc   0x080051bc   0x00000070   Code   RO         4479    i.check_fs          ff.o
    0x0800522c   0x0800522c   0x00000010   Code   RO         4480    i.chk_chr           ff.o
    0x0800523c   0x0800523c   0x0000005c   Code   RO         4481    i.chk_lock          ff.o
    0x08005298   0x08005298   0x00000020   Code   RO         4482    i.clear_lock        ff.o
    0x080052b8   0x080052b8   0x00000026   Code   RO         4483    i.clmt_clust        ff.o
    0x080052de   0x080052de   0x00000018   Code   RO         4484    i.clust2sect        ff.o
    0x080052f6   0x080052f6   0x00000002   PAD
    0x080052f8   0x080052f8   0x00000080   Code   RO         4485    i.cmp_lfn           ff.o
    0x08005378   0x08005378   0x000000a6   Code   RO         4486    i.create_chain      ff.o
    0x0800541e   0x0800541e   0x00000002   PAD
    0x08005420   0x08005420   0x00000204   Code   RO         4487    i.create_name       ff.o
    0x08005624   0x08005624   0x00000034   Code   RO         4488    i.dec_lock          ff.o
    0x08005658   0x08005658   0x000000d2   Code   RO         4489    i.dir_find          ff.o
    0x0800572a   0x0800572a   0x00000002   PAD
    0x0800572c   0x0800572c   0x00000102   Code   RO         4490    i.dir_next          ff.o
    0x0800582e   0x0800582e   0x000000b8   Code   RO         4491    i.dir_read          ff.o
    0x080058e6   0x080058e6   0x00000002   PAD
    0x080058e8   0x080058e8   0x000001e4   Code   RO         4492    i.dir_register      ff.o
    0x08005acc   0x08005acc   0x0000004e   Code   RO         4493    i.dir_remove        ff.o
    0x08005b1a   0x08005b1a   0x0000008e   Code   RO         4494    i.dir_sdi           ff.o
    0x08005ba8   0x08005ba8   0x0000002c   Code   RO         4424    i.disk_initialize   diskio.o
    0x08005bd4   0x08005bd4   0x00000018   Code   RO         4425    i.disk_ioctl        diskio.o
    0x08005bec   0x08005bec   0x0000001c   Code   RO         4426    i.disk_read         diskio.o
    0x08005c08   0x08005c08   0x00000014   Code   RO         4427    i.disk_status       diskio.o
    0x08005c1c   0x08005c1c   0x0000001c   Code   RO         4428    i.disk_write        diskio.o
    0x08005c38   0x08005c38   0x00000028   Code   RO         4495    i.f_close           ff.o
    0x08005c60   0x08005c60   0x000000d4   Code   RO         4497    i.f_getfree         ff.o
    0x08005d34   0x08005d34   0x00000048   Code   RO         4498    i.f_gets            ff.o
    0x08005d7c   0x08005d7c   0x0000023c   Code   RO         4499    i.f_lseek           ff.o
    0x08005fb8   0x08005fb8   0x00000058   Code   RO         4502    i.f_mount           ff.o
    0x08006010   0x08006010   0x00000224   Code   RO         4503    i.f_open            ff.o
    0x08006234   0x08006234   0x00000026   Code   RO         4507    i.f_puts            ff.o
    0x0800625a   0x0800625a   0x00000174   Code   RO         4508    i.f_read            ff.o
    0x080063ce   0x080063ce   0x0000008e   Code   RO         4512    i.f_sync            ff.o
    0x0800645c   0x0800645c   0x000000a6   Code   RO         4514    i.f_unlink          ff.o
    0x08006502   0x08006502   0x000001ae   Code   RO         4515    i.f_write           ff.o
    0x080066b0   0x080066b0   0x0000003c   Code   RO         4910    i.ff_convert        ccsbcs.o
    0x080066ec   0x080066ec   0x00000080   Code   RO         4911    i.ff_wtoupper       ccsbcs.o
    0x0800676c   0x0800676c   0x0000028c   Code   RO         4516    i.find_volume       ff.o
    0x080069f8   0x080069f8   0x0000007a   Code   RO         4517    i.follow_path       ff.o
    0x08006a72   0x08006a72   0x00000002   PAD
    0x08006a74   0x08006a74   0x00000080   Code   RO         4518    i.gen_numname       ff.o
    0x08006af4   0x08006af4   0x000000ea   Code   RO         4519    i.get_fat           ff.o
    0x08006bde   0x08006bde   0x00000004   Code   RO         4387    i.get_fattime       fatfs.o
    0x08006be2   0x08006be2   0x0000003c   Code   RO         4521    i.get_ldnumber      ff.o
    0x08006c1e   0x08006c1e   0x00000002   PAD
    0x08006c20   0x08006c20   0x00000080   Code   RO         4522    i.inc_lock          ff.o
    0x08006ca0   0x08006ca0   0x00000026   Code   RO         4523    i.ld_clust          ff.o
    0x08006cc6   0x08006cc6   0x00000016   Code   RO         4524    i.ld_dword          ff.o
    0x08006cdc   0x08006cdc   0x0000000a   Code   RO         4525    i.ld_word           ff.o
    0x08006ce6   0x08006ce6   0x00000002   PAD
    0x08006ce8   0x08006ce8   0x00000044   Code   RO          390    i.main              main.o
    0x08006d2c   0x08006d2c   0x00000012   Code   RO         4526    i.mem_cpy           ff.o
    0x08006d3e   0x08006d3e   0x00000002   PAD
    0x08006d40   0x08006d40   0x0000000e   Code   RO         4527    i.mem_set           ff.o
    0x08006d4e   0x08006d4e   0x00000032   Code   RO         4528    i.move_window       ff.o
    0x08006d80   0x08006d80   0x00000074   Code   RO         4529    i.pick_lfn          ff.o
    0x08006df4   0x08006df4   0x0000012c   Code   RO         4530    i.put_fat           ff.o
    0x08006f20   0x08006f20   0x00000046   Code   RO         4531    i.putc_bfd          ff.o
    0x08006f66   0x08006f66   0x0000002a   Code   RO         4532    i.putc_flush        ff.o
    0x08006f90   0x08006f90   0x00000074   Code   RO         4533    i.remove_chain      ff.o
    0x08007004   0x08007004   0x00000028   Code   RO         4534    i.st_clust          ff.o
    0x0800702c   0x0800702c   0x00000010   Code   RO         4535    i.st_dword          ff.o
    0x0800703c   0x0800703c   0x00000008   Code   RO         4536    i.st_word           ff.o
    0x08007044   0x08007044   0x0000001c   Code   RO         4537    i.sum_sfn           ff.o
    0x08007060   0x08007060   0x00000088   Code   RO         4538    i.sync_fs           ff.o
    0x080070e8   0x080070e8   0x00000052   Code   RO         4539    i.sync_window       ff.o
    0x0800713a   0x0800713a   0x00000034   Code   RO         4540    i.validate          ff.o
    0x0800716e   0x0800716e   0x0000000a   Code   RO         5111    x$fpl$fpinit        fz_wv.l(fpinit.o)
    0x08007178   0x08007178   0x00000018   Data   RO         3705    .constdata          stm32h7xx_hal_uart.o
    0x08007190   0x08007190   0x00000010   Data   RO         4071    .constdata          stm32h7xx_hal_uart_ex.o
    0x080071a0   0x080071a0   0x00000010   Data   RO         4176    .constdata          system_stm32h7xx.o
    0x080071b0   0x080071b0   0x00000014   Data   RO         4332    .constdata          sd_diskio.o
    0x080071c4   0x080071c4   0x000000aa   Data   RO         4542    .constdata          ff.o
    0x0800726e   0x0800726e   0x000003ae   Data   RO         4912    .constdata          ccsbcs.o
    0x0800761c   0x0800761c   0x00000011   Data   RO         4973    .constdata          c_w.l(__printf_flags_ss_wp.o)
    0x0800762d   0x0800762d   0x00000003   PAD
    0x08007630   0x08007630   0x00000042   Data   RO          392    .conststring        main.o
    0x08007672   0x08007672   0x00000002   PAD
    0x08007674   0x08007674   0x00000020   Data   RO         5169    Region$$Table       anon$$obj.o


    Execution Region RW_IRAM1 (Exec base: 0x20000000, Load base: 0x08007694, Size: 0x00000000, Max: 0x00020000, ABSOLUTE)

    **** No section assigned to this execution region ****


    Execution Region RW_IRAM2 (Exec base: 0x24000000, Load base: 0x08007694, Size: 0x00002a40, Max: 0x00080000, ABSOLUTE)

    Exec Addr    Load Addr    Size         Type   Attr      Idx    E Section Name        Object

    0x24000000   0x08007694   0x0000001c   Data   RW          393    .data               main.o
    0x2400001c   0x080076b0   0x0000000c   Data   RW         2121    .data               stm32h7xx_hal.o
    0x24000028   0x080076bc   0x00000008   Data   RW         4177    .data               system_stm32h7xx.o
    0x24000030   0x080076c4   0x00000001   Data   RW         4333    .data               sd_diskio.o
    0x24000031   0x080076c5   0x00000005   Data   RW         4390    .data               fatfs.o
    0x24000036   0x080076ca   0x00000002   PAD
    0x24000038   0x080076cc   0x00000008   Data   RW         4543    .data               ff.o
    0x24000040        -       0x00001336   Zero   RW          391    .bss                main.o
    0x24001376   0x080076d4   0x00000002   PAD
    0x24001378        -       0x00001038   Zero   RW         4388    .bss                fatfs.o
    0x240023b0        -       0x00000020   Zero   RW         4541    .bss                ff.o
    0x240023d0        -       0x0000000c   Zero   RW         4840    .bss                ff_gen_drv.o
    0x240023dc        -       0x00000060   Zero   RW         5041    .bss                c_w.l(libspace.o)
    0x2400243c   0x080076d4   0x00000004   PAD
    0x24002440        -       0x00000200   Zero   RW            2    HEAP                startup_stm32h743xx.o
    0x24002640        -       0x00000400   Zero   RW            1    STACK               startup_stm32h743xx.o


==============================================================================

Image component sizes


      Code (inc. data)   RO Data    RW Data    ZI Data      Debug   Object Name

       162         26          0          0          0       4181   bsp_driver_sd.o
       188         24        942          0          0       2391   ccsbcs.o
       144         26          0          0          0       3889   diskio.o
        32         10          0          5       4152       1648   fatfs.o
      7694        104        170          8         32      54949   ff.o
        70          6          0          0         12       1679   ff_gen_drv.o
         0          0          0          0          0    1259188   file_handling.o
      2020        916         66         28       4918       4947   main.o
       232         14         20          1          0       4716   sd_diskio.o
        64         26        664          0       1536        844   startup_stm32h743xx.o
       232         44          0         12          0      23440   stm32h7xx_hal.o
       172         12          0          0          0      38922   stm32h7xx_hal_cortex.o
       566         50          0          0          0       2316   stm32h7xx_hal_gpio.o
       344         36          0          0          0       2550   stm32h7xx_hal_msp.o
        84          6          0          0          0        789   stm32h7xx_hal_pwr_ex.o
      2466        102          0          0          0       7176   stm32h7xx_hal_rcc.o
      4776        174          0          0          0      10583   stm32h7xx_hal_rcc_ex.o
      3256         70          0          0          0      15923   stm32h7xx_hal_sd.o
      1824        112         24          0          0      26930   stm32h7xx_hal_uart.o
       284          6         16          0          0       3829   stm32h7xx_hal_uart_ex.o
        20          0          0          0          0       4166   stm32h7xx_it.o
      1790         72          0          0          0      24590   stm32h7xx_ll_sdmmc.o
         0          0          0          0          0        540   syscall.o
       220         40         16          8          0       1502   system_stm32h7xx.o

    ----------------------------------------------------------------------
     26686       1876       1952         64      10652    1501688   Object Totals
         0          0         32          0          0          0   (incl. Generated)
        46          0          2          2          2          0   (incl. Padding)

    ----------------------------------------------------------------------

      Code (inc. data)   RO Data    RW Data    ZI Data      Debug   Library Member Name

         8          0          0          0          0         68   __main.o
       392          4         17          0          0         92   __printf_flags_ss_wp.o
        14          0          0          0          0         68   __printf_wp.o
         0          0          0          0          0          0   __rtentry.o
        12          0          0          0          0          0   __rtentry2.o
         6          0          0          0          0          0   __rtentry4.o
        52          8          0          0          0          0   __scatter.o
        26          0          0          0          0          0   __scatter_copy.o
        28          0          0          0          0          0   __scatter_zi.o
        44          0          0          0          0        108   _printf_char.o
        48          6          0          0          0         96   _printf_char_common.o
       120         16          0          0          0         92   _printf_dec.o
         6          0          0          0          0          0   _printf_i.o
       178          0          0          0          0         88   _printf_intcommon.o
         0          0          0          0          0          0   _printf_percent.o
         4          0          0          0          0          0   _printf_percent_end.o
         6          0          0          0          0          0   _printf_s.o
        82          0          0          0          0         80   _printf_str.o
         6          0          0          0          0          0   _printf_u.o
        10          0          0          0          0         68   _sputc.o
        18          0          0          0          0         80   exit.o
         6          0          0          0          0        152   heapauxi.o
         0          0          0          0          0          0   indicate_semi.o
         2          0          0          0          0          0   libinit.o
         6          0          0          0          0          0   libinit2.o
         2          0          0          0          0          0   libshutdown.o
         2          0          0          0          0          0   libshutdown2.o
         8          4          0          0         96         68   libspace.o
       238          0          0          0          0        100   lludivv7m.o
        40          6          0          0          0         84   noretval__2sprintf.o
        78          0          0          0          0         80   rt_memclr_w.o
         2          0          0          0          0          0   rtexit.o
        10          0          0          0          0          0   rtexit2.o
        72          0          0          0          0         80   strcpy.o
        62          0          0          0          0         76   strlen.o
        12          4          0          0          0         68   sys_exit.o
        74          0          0          0          0         80   sys_stackheap_outer.o
         2          0          0          0          0         68   use_no_semi.o
        10          0          0          0          0        116   fpinit.o

    ----------------------------------------------------------------------
      1698         48         20          0        100       1812   Library Totals
        12          0          3          0          4          0   (incl. Padding)

    ----------------------------------------------------------------------

      Code (inc. data)   RO Data    RW Data    ZI Data      Debug   Library Name

      1676         48         17          0         96       1696   c_w.l
        10          0          0          0          0        116   fz_wv.l

    ----------------------------------------------------------------------
      1698         48         20          0        100       1812   Library Totals

    ----------------------------------------------------------------------

==============================================================================


      Code (inc. data)   RO Data    RW Data    ZI Data      Debug   

     28384       1924       1972         64      10752    1486168   Grand Totals
     28384       1924       1972         64      10752    1486168   ELF Image Totals
     28384       1924       1972         64          0          0   ROM Totals

==============================================================================

    Total RO  Size (Code + RO Data)                30356 (  29.64kB)
    Total RW  Size (RW Data + ZI Data)             10816 (  10.56kB)
    Total ROM Size (Code + RO Data + RW Data)      30420 (  29.71kB)

==============================================================================

